Microchip MPLAB XC8 Compiler V2.36

Linker command line:

-W-3 --edf=C:\Program Files\Microchip\xc8\v2.36\pic\dat\en_msgs.txt -cn \
  -h+dist/default/debug\standart_23.X.debug.sym \
  --cmf=dist/default/debug\standart_23.X.debug.cmf -z -Q16F1823 \
  -oC:\Users\vlads\AppData\Local\Temp\xcAsc6k.4 --defsym=__MPLAB_BUILD=1 \
  -Mdist/default/debug/standart_23.X.debug.map \
  --md=C:\Users\vlads\AppData\Local\Temp\xcAsc6k.dat -E1 -ver=XC8 Compiler \
  --acfsm=1493 -ACODE=00h-07FFh -ASTRCODE=00h-07FFh -ASTRING=00h-0FFhx8 \
  -ACONST=00h-0FFhx8 -AENTRY=00h-0FFhx8 -ACOMMON=070h-07Fh \
  -ABANK0=020h-06Fh -ABANK1=0A0h-0AFh -ABIGRAM=02000h-0205Fh \
  -ARAM=020h-06Fh,0A0h-0AFh -AABS1=020h-07Fh,0A0h-0BFh -ASFR0=00h-01Fh \
  -ASFR1=080h-09Fh -ASFR2=0100h-016Fh -ASFR3=0180h-01EFh -ASFR4=0200h-026Fh \
  -ASFR5=0280h-02EFh -ASFR6=0300h-036Fh -ASFR7=0380h-03EFh \
  -ASFR8=0400h-046Fh -ASFR9=0480h-04EFh -ASFR10=0500h-056Fh \
  -ASFR11=0580h-05EFh -ASFR12=0600h-066Fh -ASFR13=0680h-06EFh \
  -ASFR14=0700h-076Fh -ASFR15=0780h-07EFh -ASFR16=0800h-086Fh \
  -ASFR17=0880h-08EFh -ASFR18=0900h-096Fh -ASFR19=0980h-09EFh \
  -ASFR20=0A00h-0A6Fh -ASFR21=0A80h-0AEFh -ASFR22=0B00h-0B6Fh \
  -ASFR23=0B80h-0BEFh -ASFR24=0C00h-0C6Fh -ASFR25=0C80h-0CEFh \
  -ASFR26=0D00h-0D6Fh -ASFR27=0D80h-0DEFh -ASFR28=0E00h-0E6Fh \
  -ASFR29=0E80h-0EEFh -ASFR30=0F00h-0F6Fh -ASFR31=0F80h-0FEFh \
  -ACONFIG=08007h-08008h -DCONFIG=2 -AIDLOC=08000h-08003h -DIDLOC=2 \
  -AEEDATA=00h-0FFh/0F000h -peeprom_data=EEDATA -DEEDATA=2 -DCODE=2 \
  -DSTRCODE=2 -DSTRING=2 -DCONST=2 -DENTRY=2 \
  -preset_vec=00h,intentry=04h,init,end_init -ppowerup=CODE -pcinit=CODE \
  -pfunctab=ENTRY -k C:\Users\vlads\AppData\Local\Temp\xcAsc6k.o \
  dist/default/debug\standart_23.X.debug.o 

Object code version is 3.11

Machine type is 16F1823



                Name                               Link     Load   Length Selector   Space Scale
C:\Users\vlads\AppData\Local\Temp\xcAsc6k.o
                end_init                             26       26        1        8       0
                reset_vec                             0        0        2        0       0
                config                             8007     8007        2        0       4
                idloc                              8000     8000        4        0       5
dist/default/debug\standart_23.X.debug.o
                cinit                                27       27       11        8       0
                intentry                              4        4       22        8       0
                config                             8007     8007        2        0       4
                idloc                              8000     8000        4        0       5
                text42                              46A      46A        9        8       0
                text41                              4B9      4B9        1      970       0
                text40                              42C      42C       10        8       0
                text39                              347      347       20        8       0
                text38                              49E      49E        5        8       0
                text37                              41C      41C       10        8       0
                text36                              39B      39B       18        8       0
                text35                              1D8      1D8       3C        8       0
                text34                              282      282       32        8       0
                text33                              460      460        A        8       0
                text32                              15B      15B       41        8       0
                text31                              3F4      3F4       15        8       0
                text30                              4B8      4B8        1      970       0
                text29                              43C      43C        E        8       0
                text27                              44A      44A        C        8       0
                text26                              2B4      2B4       30        8       0
                text25                              327      327       20        8       0
                text24                              499      499        5        8       0
                text23                              456      456        A        8       0
                text22                              494      494        5        8       0
                text21                              118      118       43        8       0
                text20                              367      367       1B        8       0
                text19                               8A       8A       49        8       0
                text18                              19C      19C       3C        8       0
                text17                              2E4      2E4       23        8       0
                text16                              473      473        8        8       0
                text15                              4A7      4A7        4        8       0
                text14                              47B      47B        7        8       0
                text13                              3DF      3DF       15        8       0
                text12                              48E      48E        6        8       0
                text11                              3C9      3C9       16        8       0
                text10                              488      488        6        8       0
                text9                               409      409       13        8       0
                text8                               4A3      4A3        4        8       0
                text7                               3B3      3B3       16        8       0
                text6                               4AB      4AB        3        8       0
                text5                                38       38       52        8       0
                text4                                D3       D3       45        8       0
                text3                               214      214       38        8       0
                text2                               24C      24C       36        8       0
                text1                               307      307       20        8       0
                maintext                            382      382       19        8       0
                cstackBANK0                          35       35        7       20       1
                cstackCOMMON                         70       70        7       70       1
                clrtext                             482      482        6        8       0
                bssBANK0                             20       20       15       20       1
                bssCOMMON                            77       77        6       70       1
                nvBANK0                              3C       3C        5       20       1
                stringtext5                         4B6      4B6        2      95C       0
                stringtext4                         4B4      4B4        2      95C       0
                stringtext3                         4B2      4B2        2      95C       0
                stringtext2                         4B0      4B0        2      95C       0
                stringtext1                         4AE      4AE        2      95C       0

TOTAL           Name                               Link     Load   Length     Space
        CLASS   CODE           
                end_init                             26       26        1         0
                cinit                                27       27       11         0
                intentry                              4        4       22         0
                reset_vec                             0        0        2         0
                text42                              46A      46A        9         0
                text41                              4B9      4B9        1         0
                text40                              42C      42C       10         0
                text39                              347      347       20         0
                text38                              49E      49E        5         0
                text37                              41C      41C       10         0
                text36                              39B      39B       18         0
                text35                              1D8      1D8       3C         0
                text34                              282      282       32         0
                text33                              460      460        A         0
                text32                              15B      15B       41         0
                text31                              3F4      3F4       15         0
                text30                              4B8      4B8        1         0
                text29                              43C      43C        E         0
                text27                              44A      44A        C         0
                text26                              2B4      2B4       30         0
                text25                              327      327       20         0
                text24                              499      499        5         0
                text23                              456      456        A         0
                text22                              494      494        5         0
                text21                              118      118       43         0
                text20                              367      367       1B         0
                text19                               8A       8A       49         0
                text18                              19C      19C       3C         0
                text17                              2E4      2E4       23         0
                text16                              473      473        8         0
                text15                              4A7      4A7        4         0
                text14                              47B      47B        7         0
                text13                              3DF      3DF       15         0
                text12                              48E      48E        6         0
                text11                              3C9      3C9       16         0
                text10                              488      488        6         0
                text9                               409      409       13         0
                text8                               4A3      4A3        4         0
                text7                               3B3      3B3       16         0
                text6                               4AB      4AB        3         0
                text5                                38       38       52         0
                text4                                D3       D3       45         0
                text3                               214      214       38         0
                text2                               24C      24C       36         0
                text1                               307      307       20         0
                maintext                            382      382       19         0
                clrtext                             482      482        6         0

        CLASS   STRCODE        
                stringtext5                         4B6      4B6        2         0
                stringtext4                         4B4      4B4        2         0
                stringtext3                         4B2      4B2        2         0
                stringtext2                         4B0      4B0        2         0
                stringtext1                         4AE      4AE        2         0

        CLASS   STRING         

        CLASS   CONST          

        CLASS   ENTRY          

        CLASS   COMMON         
                cstackCOMMON                         70       70        7         1
                bssCOMMON                            77       77        6         1

        CLASS   BANK0          
                cstackBANK0                          35       35        7         1
                bssBANK0                             20       20       15         1
                nvBANK0                              3C       3C        5         1

        CLASS   BANK1          

        CLASS   BIGRAM         

        CLASS   RAM            

        CLASS   ABS1           
                abs_s1                               7E       7E        2         1

        CLASS   SFR0           

        CLASS   SFR1           

        CLASS   SFR2           

        CLASS   SFR3           

        CLASS   SFR4           

        CLASS   SFR5           

        CLASS   SFR6           

        CLASS   SFR7           

        CLASS   SFR8           

        CLASS   SFR9           

        CLASS   SFR10          

        CLASS   SFR11          

        CLASS   SFR12          

        CLASS   SFR13          

        CLASS   SFR14          

        CLASS   SFR15          

        CLASS   SFR16          

        CLASS   SFR17          

        CLASS   SFR18          

        CLASS   SFR19          

        CLASS   SFR20          

        CLASS   SFR21          

        CLASS   SFR22          

        CLASS   SFR23          

        CLASS   SFR24          

        CLASS   SFR25          

        CLASS   SFR26          

        CLASS   SFR27          

        CLASS   SFR28          

        CLASS   SFR29          

        CLASS   SFR30          

        CLASS   SFR31          

        CLASS   CONFIG         
                config                             8007     8007        2         4

        CLASS   IDLOC          
                idloc                              8000     8000        4         5

        CLASS   EEDATA         

        CLASS   BANK31         

        CLASS   BANK30         

        CLASS   BANK29         

        CLASS   BANK28         

        CLASS   BANK27         

        CLASS   BANK26         

        CLASS   BANK25         

        CLASS   BANK24         

        CLASS   BANK23         

        CLASS   BANK22         

        CLASS   BANK21         

        CLASS   BANK20         

        CLASS   BANK19         

        CLASS   BANK18         

        CLASS   BANK17         

        CLASS   BANK16         

        CLASS   BANK15         

        CLASS   BANK14         

        CLASS   BANK13         

        CLASS   BANK12         

        CLASS   BANK11         

        CLASS   BANK10         

        CLASS   BANK9          

        CLASS   BANK8          

        CLASS   BANK7          

        CLASS   BANK6          

        CLASS   BANK5          

        CLASS   BANK4          

        CLASS   BANK3          

        CLASS   BANK2          

        CLASS   HEAP           

        CLASS   STACK          



SEGMENTS        Name                           Load    Length   Top    Selector   Space  Class     Delta

                reset_vec                      000000  000002  000002         0       0  CODE        2
                intentry                       000004  0004AA  0004AE         8       0  CODE        2
                bssBANK0                       000020  000021  000041        20       1  BANK0       1
                cstackCOMMON                   000070  00000D  00007D        70       1  COMMON      1
                stringtext1                    0004AE  00000A  0004B8       95C       0  STRCODE     2
                text30                         0004B8  000002  0004BA       970       0  CODE        2


UNUSED ADDRESS RANGES

        Name                Unused          Largest block    Delta
        BANK0            00041-0006F              2F           1
        BANK1            000A0-000AF              10           1
        BIGRAM           02000-0205F              60           1
        CODE             00002-00003               2           2
                         004BA-007FF             346
        COMMON           0007D-0007D               1           1
        CONST            00002-00003               2           2
                         004BA-007FF             100
        EEDATA           0F000-0F0FF             100           2
        ENTRY            00002-00003               2           2
                         004BA-007FF             100
        RAM              00041-0006F              2F           1
                         000A0-000AF              10
        SFR0             00000-0001F              20           1
        SFR1             00080-0009F              20           1
        SFR10            00500-0056F              70           1
        SFR11            00580-005EF              70           1
        SFR12            00600-0066F              70           1
        SFR13            00680-006EF              70           1
        SFR14            00700-0076F              70           1
        SFR15            00780-007EF              70           1
        SFR16            00800-0086F              70           1
        SFR17            00880-008EF              70           1
        SFR18            00900-0096F              70           1
        SFR19            00980-009EF              70           1
        SFR2             00100-0016F              70           1
        SFR20            00A00-00A6F              70           1
        SFR21            00A80-00AEF              70           1
        SFR22            00B00-00B6F              70           1
        SFR23            00B80-00BEF              70           1
        SFR24            00C00-00C6F              70           1
        SFR25            00C80-00CEF              70           1
        SFR26            00D00-00D6F              70           1
        SFR27            00D80-00DEF              70           1
        SFR28            00E00-00E6F              70           1
        SFR29            00E80-00EEF              70           1
        SFR3             00180-001EF              70           1
        SFR30            00F00-00F6F              70           1
        SFR31            00F80-00FEF              70           1
        SFR4             00200-0026F              70           1
        SFR5             00280-002EF              70           1
        SFR6             00300-0036F              70           1
        SFR7             00380-003EF              70           1
        SFR8             00400-0046F              70           1
        SFR9             00480-004EF              70           1
        STRCODE          00002-00003               2           2
                         004BA-007FF             346
        STRING           00002-00003               2           2
                         004BA-007FF             100

                                  Symbol Table

ADC_GetConversion@channel                 cstackBANK0  00036
TMR0_SetInterruptHandler@InterruptHandler cstackBANK0  00035
TMR2_SetInterruptHandler@InterruptHandler cstackBANK0  00035
_ADCON0                                   (abs)        0009D
_ADCON0bits                               (abs)        0009D
_ADCON1                                   (abs)        0009E
_ADC_GetConversion                        text20       00367
_ADC_Initialize                           text16       00473
_ADRESH                                   (abs)        0009C
_ADRESL                                   (abs)        0009B
_ANSELA                                   (abs)        0018C
_ANSELAbits                               (abs)        0018C
_ANSELC                                   (abs)        0018E
_ANSELCbits                               (abs)        0018E
_APFCON                                   (abs)        0011D
_BORCON                                   (abs)        00116
_EEADR                                    (abs)        00191
_EECON2                                   (abs)        00196
_EEDATA                                   (abs)        00193
_FLAGS                                    bssCOMMON    00077
_FVRCON                                   (abs)        00117
_FVRCONbits                               (abs)        00117
_FVR_Initialize                           text15       004A7
_GIE                                      (abs)        0005F
_INTCONbits                               (abs)        0000B
_INTERRUPT_InterruptManager               intentry     00004
_LATA                                     (abs)        0010C
_LATAbits                                 (abs)        0010C
_LATC                                     (abs)        0010E
_LATCbits                                 (abs)        0010E
_OPTION_REG                               (abs)        00095
_OPTION_REGbits                           (abs)        00095
_OSCCON                                   (abs)        00099
_OSCILLATOR_Initialize                    text14       0047B
_OSCTUNE                                  (abs)        00098
_PIE1bits                                 (abs)        00091
_PIN_MANAGER_Initialize                   text13       003DF
_PIR1bits                                 (abs)        00011
_PR2                                      (abs)        0001B
_RD                                       (abs)        00CA8
_SYSTEM_Initialize                        text7        003B3
_T2CON                                    (abs)        0001C
_T2CONbits                                (abs)        0001C
_TMR0                                     (abs)        00015
_TMR0_DefaultInterruptHandler             text41       004B9
_TMR0_ISR                                 text40       0042C
_TMR0_Initialize                          text11       003C9
_TMR0_InterruptHandler                    nvBANK0      0003C
_TMR0_SetInterruptHandler                 text12       0048E
_TMR2                                     (abs)        0001A
_TMR2_DefaultInterruptHandler             text30       004B8
_TMR2_ISR                                 text29       0043C
_TMR2_Initialize                          text9        00409
_TMR2_InterruptHandler                    nvBANK0      0003E
_TMR2_SetInterruptHandler                 text10       00488
_TMR2_StartTimer                          text6        004AB
_TRISA                                    (abs)        0008C
_TRISAbits                                (abs)        0008C
_TRISC                                    (abs)        0008E
_TRISCbits                                (abs)        0008E
_WDTCON                                   (abs)        00097
_WDT_Initialize                           text8        004A3
_WPUA                                     (abs)        0020C
_WPUAbits                                 (abs)        0020C
_WPUC                                     (abs)        0020E
_WPUCbits                                 (abs)        0020E
_WR                                       (abs)        00CA9
_WREN                                     (abs)        00CAA
__Habs1                                   abs1         00000
__Hbank0                                  bank0        00000
__Hbank1                                  bank1        00000
__Hbank10                                 bank10       00000
__Hbank11                                 bank11       00000
__Hbank12                                 bank12       00000
__Hbank13                                 bank13       00000
__Hbank14                                 bank14       00000
__Hbank15                                 bank15       00000
__Hbank16                                 bank16       00000
__Hbank17                                 bank17       00000
__Hbank18                                 bank18       00000
__Hbank19                                 bank19       00000
__Hbank2                                  bank2        00000
__Hbank20                                 bank20       00000
__Hbank21                                 bank21       00000
__Hbank22                                 bank22       00000
__Hbank23                                 bank23       00000
__Hbank24                                 bank24       00000
__Hbank25                                 bank25       00000
__Hbank26                                 bank26       00000
__Hbank27                                 bank27       00000
__Hbank28                                 bank28       00000
__Hbank29                                 bank29       00000
__Hbank3                                  bank3        00000
__Hbank30                                 bank30       00000
__Hbank31                                 bank31       00000
__Hbank4                                  bank4        00000
__Hbank5                                  bank5        00000
__Hbank6                                  bank6        00000
__Hbank7                                  bank7        00000
__Hbank8                                  bank8        00000
__Hbank9                                  bank9        00000
__Hbigram                                 bigram       00000
__HbssBANK0                               bssBANK0     00000
__HbssCOMMON                              bssCOMMON    00000
__Hcinit                                  cinit        00038
__Hclrtext                                clrtext      00000
__Hcode                                   code         00000
__Hcommon                                 common       00000
__Hconfig                                 config       08009
__HcstackBANK0                            cstackBANK0  00000
__HcstackCOMMON                           cstackCOMMON 00000
__Heeprom_data                            eeprom_data  00000
__Hend_init                               end_init     00027
__Hfunctab                                functab      00000
__Hheap                                   heap         00000
__Hidloc                                  idloc        08004
__Hinit                                   init         00026
__Hintentry                               intentry     00026
__Hmaintext                               maintext     00000
__HnvBANK0                                nvBANK0      00000
__Hpowerup                                powerup      00000
__Hram                                    ram          00000
__Hreset_vec                              reset_vec    00002
__Hsfr0                                   sfr0         00000
__Hsfr1                                   sfr1         00000
__Hsfr10                                  sfr10        00000
__Hsfr11                                  sfr11        00000
__Hsfr12                                  sfr12        00000
__Hsfr13                                  sfr13        00000
__Hsfr14                                  sfr14        00000
__Hsfr15                                  sfr15        00000
__Hsfr16                                  sfr16        00000
__Hsfr17                                  sfr17        00000
__Hsfr18                                  sfr18        00000
__Hsfr19                                  sfr19        00000
__Hsfr2                                   sfr2         00000
__Hsfr20                                  sfr20        00000
__Hsfr21                                  sfr21        00000
__Hsfr22                                  sfr22        00000
__Hsfr23                                  sfr23        00000
__Hsfr24                                  sfr24        00000
__Hsfr25                                  sfr25        00000
__Hsfr26                                  sfr26        00000
__Hsfr27                                  sfr27        00000
__Hsfr28                                  sfr28        00000
__Hsfr29                                  sfr29        00000
__Hsfr3                                   sfr3         00000
__Hsfr30                                  sfr30        00000
__Hsfr31                                  sfr31        00000
__Hsfr4                                   sfr4         00000
__Hsfr5                                   sfr5         00000
__Hsfr6                                   sfr6         00000
__Hsfr7                                   sfr7         00000
__Hsfr8                                   sfr8         00000
__Hsfr9                                   sfr9         00000
__Hspace_0                                (abs)        004BA
__Hspace_1                                (abs)        0007D
__Hspace_2                                (abs)        00000
__Hspace_3                                (abs)        00000
__Hspace_4                                (abs)        10010
__Hstack                                  stack        00000
__Hstrings                                strings      00000
__Hstringtext1                            stringtext1  00000
__Hstringtext2                            stringtext2  00000
__Hstringtext3                            stringtext3  00000
__Hstringtext4                            stringtext4  00000
__Hstringtext5                            stringtext5  00000
__Htext                                   text         00000
__Labs1                                   abs1         00000
__Lbank0                                  bank0        00000
__Lbank1                                  bank1        00000
__Lbank10                                 bank10       00000
__Lbank11                                 bank11       00000
__Lbank12                                 bank12       00000
__Lbank13                                 bank13       00000
__Lbank14                                 bank14       00000
__Lbank15                                 bank15       00000
__Lbank16                                 bank16       00000
__Lbank17                                 bank17       00000
__Lbank18                                 bank18       00000
__Lbank19                                 bank19       00000
__Lbank2                                  bank2        00000
__Lbank20                                 bank20       00000
__Lbank21                                 bank21       00000
__Lbank22                                 bank22       00000
__Lbank23                                 bank23       00000
__Lbank24                                 bank24       00000
__Lbank25                                 bank25       00000
__Lbank26                                 bank26       00000
__Lbank27                                 bank27       00000
__Lbank28                                 bank28       00000
__Lbank29                                 bank29       00000
__Lbank3                                  bank3        00000
__Lbank30                                 bank30       00000
__Lbank31                                 bank31       00000
__Lbank4                                  bank4        00000
__Lbank5                                  bank5        00000
__Lbank6                                  bank6        00000
__Lbank7                                  bank7        00000
__Lbank8                                  bank8        00000
__Lbank9                                  bank9        00000
__Lbigram                                 bigram       00000
__LbssBANK0                               bssBANK0     00000
__LbssCOMMON                              bssCOMMON    00000
__Lcinit                                  cinit        00027
__Lclrtext                                clrtext      00000
__Lcode                                   code         00000
__Lcommon                                 common       00000
__Lconfig                                 config       00000
__LcstackBANK0                            cstackBANK0  00000
__LcstackCOMMON                           cstackCOMMON 00000
__Leeprom_data                            eeprom_data  00000
__Lend_init                               end_init     00026
__Lfunctab                                functab      00000
__Lheap                                   heap         00000
__Lidloc                                  idloc        00000
__Linit                                   init         00026
__Lintentry                               intentry     00004
__Lmaintext                               maintext     00000
__LnvBANK0                                nvBANK0      00000
__Lpowerup                                powerup      00000
__Lram                                    ram          00000
__Lreset_vec                              reset_vec    00000
__Lsfr0                                   sfr0         00000
__Lsfr1                                   sfr1         00000
__Lsfr10                                  sfr10        00000
__Lsfr11                                  sfr11        00000
__Lsfr12                                  sfr12        00000
__Lsfr13                                  sfr13        00000
__Lsfr14                                  sfr14        00000
__Lsfr15                                  sfr15        00000
__Lsfr16                                  sfr16        00000
__Lsfr17                                  sfr17        00000
__Lsfr18                                  sfr18        00000
__Lsfr19                                  sfr19        00000
__Lsfr2                                   sfr2         00000
__Lsfr20                                  sfr20        00000
__Lsfr21                                  sfr21        00000
__Lsfr22                                  sfr22        00000
__Lsfr23                                  sfr23        00000
__Lsfr24                                  sfr24        00000
__Lsfr25                                  sfr25        00000
__Lsfr26                                  sfr26        00000
__Lsfr27                                  sfr27        00000
__Lsfr28                                  sfr28        00000
__Lsfr29                                  sfr29        00000
__Lsfr3                                   sfr3         00000
__Lsfr30                                  sfr30        00000
__Lsfr31                                  sfr31        00000
__Lsfr4                                   sfr4         00000
__Lsfr5                                   sfr5         00000
__Lsfr6                                   sfr6         00000
__Lsfr7                                   sfr7         00000
__Lsfr8                                   sfr8         00000
__Lsfr9                                   sfr9         00000
__Lspace_0                                (abs)        00000
__Lspace_1                                (abs)        00000
__Lspace_2                                (abs)        00000
__Lspace_3                                (abs)        00000
__Lspace_4                                (abs)        00000
__Lstack                                  stack        00000
__Lstrings                                strings      00000
__Lstringtext1                            stringtext1  00000
__Lstringtext2                            stringtext2  00000
__Lstringtext3                            stringtext3  00000
__Lstringtext4                            stringtext4  00000
__Lstringtext5                            stringtext5  00000
__Ltext                                   text         00000
__S0                                      (abs)        004BA
__S1                                      (abs)        0007D
__S3                                      (abs)        00000
___heap_hi                                (abs)        00000
___heap_lo                                (abs)        00000
___int_sp                                 stack        00000
___latbits                                (abs)        00000
___sp                                     stack        00000
___stackhi                                (abs)        00000
___stacklo                                (abs)        00000
__end_of_ADC_GetConversion                text20       00382
__end_of_ADC_Initialize                   text16       0047B
__end_of_BAD_WSP_VOLTAGE                  stringtext2  004B2
__end_of_FVR_Initialize                   text15       004AB
__end_of_GOOD_WSP_VOLTAGE                 stringtext1  004B0
__end_of_HIGH_WATER_RESISTANSE            stringtext4  004B6
__end_of_INTERRUPT_InterruptManager       intentry     00026
__end_of_LOW_WATER_RESISTANSE             stringtext5  004B8
__end_of_OSCILLATOR_Initialize            text14       00482
__end_of_PIN_MANAGER_Initialize           text13       003F4
__end_of_SYSTEM_Initialize                text7        003C9
__end_of_TMR0_DefaultInterruptHandler     text41       004BA
__end_of_TMR0_ISR                         text40       0043C
__end_of_TMR0_Initialize                  text11       003DF
__end_of_TMR0_SetInterruptHandler         text12       00494
__end_of_TMR2_DefaultInterruptHandler     text30       004B9
__end_of_TMR2_ISR                         text29       0044A
__end_of_TMR2_Initialize                  text9        0041C
__end_of_TMR2_SetInterruptHandler         text10       0048E
__end_of_TMR2_StartTimer                  text6        004AE
__end_of_UP_RESISTANSE                    stringtext3  004B4
__end_of_WDT_Initialize                   text8        004A7
__end_of__initialization                  cinit        00035
__end_of_beep                             text26       002E4
__end_of_boop                             text2        00282
__end_of_fun_work                         text21       0015B
__end_of_get_fun                          text19       000D3
__end_of_get_fun_full                     text5        0008A
__end_of_get_jump                         text18       001D8
__end_of_get_jump_full                    text4        00118
__end_of_get_measure                      text35       00214
__end_of_go_close                         text25       00347
__end_of_go_close_alt                     text24       0049E
__end_of_go_open                          text23       00460
__end_of_go_open_alt                      text22       00499
__end_of_main                             maintext     0039B
__end_of_ms_tick                          text31       00409
__end_of_povorot                          text17       00307
__end_of_rele_tick                        text34       002B4
__end_of_sec_tick_work                    text32       0019C
__end_of_start_alarm                      text37       0042C
__end_of_start_setup                      text3        0024C
__end_of_switch_wm                        text1        00327
__end_of_switch_zum                       text27       00456
__end_of_toggle_tone                      text33       0046A
__end_ofi1_ADC_GetConversion              text36       003B3
__end_ofi1_go_close                       text39       00367
__end_ofi1_go_close_alt                   text38       004A3
__end_ofi1_switch_zum                     text42       00473
__initialization                          cinit        00027
__pbssBANK0                               bssBANK0     00020
__pbssCOMMON                              bssCOMMON    00077
__pcstackBANK0                            cstackBANK0  00035
__pcstackCOMMON                           cstackCOMMON 00070
__pintentry                               intentry     00004
__pmaintext                               maintext     00382
__pnvBANK0                                nvBANK0      0003C
__pstringtext1                            stringtext1  004AE
__pstringtext2                            stringtext2  004B0
__pstringtext3                            stringtext3  004B2
__pstringtext4                            stringtext4  004B4
__pstringtext5                            stringtext5  004B6
__ptext1                                  text1        00307
__ptext10                                 text10       00488
__ptext11                                 text11       003C9
__ptext12                                 text12       0048E
__ptext13                                 text13       003DF
__ptext14                                 text14       0047B
__ptext15                                 text15       004A7
__ptext16                                 text16       00473
__ptext17                                 text17       002E4
__ptext18                                 text18       0019C
__ptext19                                 text19       0008A
__ptext2                                  text2        0024C
__ptext20                                 text20       00367
__ptext21                                 text21       00118
__ptext22                                 text22       00494
__ptext23                                 text23       00456
__ptext24                                 text24       00499
__ptext25                                 text25       00327
__ptext26                                 text26       002B4
__ptext27                                 text27       0044A
__ptext29                                 text29       0043C
__ptext3                                  text3        00214
__ptext30                                 text30       004B8
__ptext31                                 text31       003F4
__ptext32                                 text32       0015B
__ptext33                                 text33       00460
__ptext34                                 text34       00282
__ptext35                                 text35       001D8
__ptext36                                 text36       0039B
__ptext37                                 text37       0041C
__ptext38                                 text38       0049E
__ptext39                                 text39       00347
__ptext4                                  text4        000D3
__ptext40                                 text40       0042C
__ptext41                                 text41       004B9
__ptext42                                 text42       0046A
__ptext5                                  text5        00038
__ptext6                                  text6        004AB
__ptext7                                  text7        003B3
__ptext8                                  text8        004A3
__ptext9                                  text9        00409
_beep                                     text26       002B4
_boop                                     text2        0024C
_fun_work                                 text21       00118
_get_fun                                  text19       0008A
_get_fun_full                             text5        00038
_get_jump                                 text18       0019C
_get_jump_full                            text4        000D3
_get_measure                              text35       001D8
_go_close                                 text25       00327
_go_close_alt                             text24       00499
_go_open                                  text23       00456
_go_open_alt                              text22       00494
_main                                     maintext     00382
_ms_tick                                  text31       003F4
_povorot                                  text17       002E4
_rele_tick                                text34       00282
_sec_tick_work                            text32       0015B
_start_alarm                              text37       0041C
_start_setup                              text3        00214
_switch_wm                                text1        00307
_switch_zum                               text27       0044A
_switch_zum$intlevel0                     text27       0044D
_time_rele_power                          bssBANK0     0002D
_time_rotation                            bssBANK0     00020
_timer0ReloadVal                          nvBANK0      00040
_toggle_tone                              text33       00460
beep@count                                cstackBANK0  00035
beep@i                                    cstackBANK0  0003A
beep@j                                    cstackBANK0  00039
beep@time                                 cstackBANK0  00038
boop@count                                cstackBANK0  00035
boop@i                                    cstackBANK0  0003A
boop@j                                    cstackBANK0  00039
boop@time                                 cstackBANK0  00038
btemp                                     (abs)        0007E
clear_ram0                                clrtext      00482
end_of_initialization                     cinit        00035
get_fun@fun_counter                       bssBANK0     00034
get_fun@res                               cstackBANK0  00039
get_fun_full@flag                         cstackBANK0  0003B
get_fun_full@fun_counter                  bssBANK0     00033
get_fun_full@res                          cstackBANK0  00039
get_jump@jump_counter                     bssBANK0     00032
get_jump@res                              cstackBANK0  00039
get_jump_full@flag                        cstackBANK0  0003B
get_jump_full@jump_counter                bssBANK0     00031
get_jump_full@res                         cstackBANK0  00039
get_measure@measures                      bssCOMMON    0007A
get_measure@res                           cstackCOMMON 00074
i1ADC_GetConversion@channel               cstackCOMMON 00071
i1_ADC_GetConversion                      text36       0039B
i1_go_close                               text39       00347
i1_go_close_alt                           text38       0049E
i1_switch_zum                             text42       0046A
int$flags                                 (abs)        0007E
intlevel0                                 functab      00000
intlevel1                                 functab      00000
intlevel2                                 functab      00000
intlevel3                                 functab      00000
intlevel4                                 functab      00000
intlevel5                                 functab      00000
ms_tick@tick_count                        bssBANK0     00023
reset_vec                                 reset_vec    00000
sec_tick_work@iled                        bssCOMMON    00079
start                                     init         00026
start_initialization                      cinit        00027
wtemp0                                    (abs)        0007E


MODULE INFORMATION

Module		Function		Class		Link	Load	Size
mcc_generated_files/fvr.c
		_FVR_Initialize		CODE           	04A7	0000	4

mcc_generated_files/fvr.c estimated size: 4

mcc_generated_files/tmr2.c
		_TMR2_ISR      		CODE           	043C	0000	14
		_TMR2_Initialize		CODE           	0409	0000	19
		_TMR2_SetInterruptHandler		CODE           	0488	0000	6
		_TMR2_DefaultInterruptHandler		CODE           	04B8	0000	1
		_TMR2_StartTimer		CODE           	04AB	0000	3

mcc_generated_files/tmr2.c estimated size: 43

mcc_generated_files/interrupt_manager.c
		_INTERRUPT_InterruptManager		CODE           	0004	0000	34

mcc_generated_files/interrupt_manager.c estimated size: 34

mcc_generated_files/tmr0.c
		_TMR0_SetInterruptHandler		CODE           	048E	0000	6
		_TMR0_DefaultInterruptHandler		CODE           	04B9	0000	1
		_TMR0_ISR      		CODE           	042C	0000	16
		_TMR0_Initialize		CODE           	03C9	0000	22

mcc_generated_files/tmr0.c estimated size: 45

mcc_generated_files/pin_manager.c
		_PIN_MANAGER_Initialize		CODE           	03DF	0000	21

mcc_generated_files/pin_manager.c estimated size: 21

mcc_generated_files/adc.c
		_ADC_Initialize		CODE           	0473	0000	8
		_ADC_GetConversion		CODE           	0367	0000	27

mcc_generated_files/adc.c estimated size: 35

shared
		i1_switch_zum  		CODE           	046A	0000	9
		_HIGH_WATER_RESISTANSE		STRCODE        	0000	0000	0
		_BAD_WSP_VOLTAGE		STRCODE        	0000	0000	0
		_LOW_WATER_RESISTANSE		STRCODE        	0000	0000	0
		i1_go_close    		CODE           	0347	0000	32
		__initialization		CODE           	0027	0000	14
		_UP_RESISTANSE 		STRCODE        	0000	0000	0
		i1_go_close_alt		CODE           	049E	0000	5
		i1_ADC_GetConversion		CODE           	039B	0000	24
		_GOOD_WSP_VOLTAGE		STRCODE        	0000	0000	0

shared estimated size: 84

mcc_generated_files/mcc.c
		_WDT_Initialize		CODE           	04A3	0000	4
		_OSCILLATOR_Initialize		CODE           	047B	0000	7
		_SYSTEM_Initialize		CODE           	03B3	0000	22

mcc_generated_files/mcc.c estimated size: 33

main.c
		_go_close      		CODE           	0327	0000	32
		_get_fun_full  		CODE           	0038	0000	82
		_go_close_alt  		CODE           	0499	0000	5
		_get_jump_full 		CODE           	00D3	0000	69
		_start_alarm   		CODE           	041C	0000	16
		_sec_tick_work 		CODE           	015B	0000	65
		_beep          		CODE           	02B4	0000	48
		_rele_tick     		CODE           	0282	0000	50
		_main          		CODE           	0382	0000	25
		_ms_tick       		CODE           	03F4	0000	21
		_switch_wm     		CODE           	0307	0000	32
		_switch_zum    		CODE           	044A	0000	12
		_start_setup   		CODE           	0214	0000	56
		_fun_work      		CODE           	0118	0000	67
		_toggle_tone   		CODE           	0460	0000	10
		_get_measure   		CODE           	01D8	0000	60
		_povorot       		CODE           	02E4	0000	35
		_go_open       		CODE           	0456	0000	10
		_go_open_alt   		CODE           	0494	0000	5
		_boop          		CODE           	024C	0000	54
		_get_fun       		CODE           	008A	0000	73
		_get_jump      		CODE           	019C	0000	60

main.c estimated size: 887

