Microchip MPLAB XC8 Compiler V2.36

Linker command line:

-W-3 --edf=C:\Program Files\Microchip\xc8\v2.36\pic\dat\en_msgs.txt -cn \
  -h+dist/default/production\standart_23.X.production.sym \
  --cmf=dist/default/production\standart_23.X.production.cmf -z -Q16F1823 \
  -oC:\Users\U3B6\AppData\Local\Temp\xcAsask.4 --defsym=__MPLAB_BUILD=1 \
  -Mdist/default/production/standart_23.X.production.map \
  --md=C:\Users\U3B6\AppData\Local\Temp\xcAsask.dat -E1 -ver=XC8 Compiler \
  --acfsm=1493 -ACODE=00h-07FFh -ASTRCODE=00h-07FFh -ASTRING=00h-0FFhx8 \
  -ACONST=00h-0FFhx8 -AENTRY=00h-0FFhx8 -ACOMMON=070h-07Fh \
  -ABANK0=020h-06Fh -ABANK1=0A0h-0BFh -ABIGRAM=02000h-0206Fh \
  -ARAM=020h-06Fh,0A0h-0BFh -AABS1=020h-07Fh,0A0h-0BFh -ASFR0=00h-01Fh \
  -ASFR1=080h-09Fh -ASFR2=0100h-016Fh -ASFR3=0180h-01EFh -ASFR4=0200h-026Fh \
  -ASFR5=0280h-02EFh -ASFR6=0300h-036Fh -ASFR7=0380h-03EFh \
  -ASFR8=0400h-046Fh -ASFR9=0480h-04EFh -ASFR10=0500h-056Fh \
  -ASFR11=0580h-05EFh -ASFR12=0600h-066Fh -ASFR13=0680h-06EFh \
  -ASFR14=0700h-076Fh -ASFR15=0780h-07EFh -ASFR16=0800h-086Fh \
  -ASFR17=0880h-08EFh -ASFR18=0900h-096Fh -ASFR19=0980h-09EFh \
  -ASFR20=0A00h-0A6Fh -ASFR21=0A80h-0AEFh -ASFR22=0B00h-0B6Fh \
  -ASFR23=0B80h-0BEFh -ASFR24=0C00h-0C6Fh -ASFR25=0C80h-0CEFh \
  -ASFR26=0D00h-0D6Fh -ASFR27=0D80h-0DEFh -ASFR28=0E00h-0E6Fh \
  -ASFR29=0E80h-0EEFh -ASFR30=0F00h-0F6Fh -ASFR31=0F80h-0FEFh \
  -ACONFIG=08007h-08008h -DCONFIG=2 -AIDLOC=08000h-08003h -DIDLOC=2 \
  -AEEDATA=00h-0FFh/0F000h -peeprom_data=EEDATA -DEEDATA=2 -DCODE=2 \
  -DSTRCODE=2 -DSTRING=2 -DCONST=2 -DENTRY=2 \
  -preset_vec=00h,intentry=04h,init,end_init -ppowerup=CODE -pcinit=CODE \
  -pfunctab=ENTRY -k C:\Users\U3B6\AppData\Local\Temp\xcAsask.o \
  dist/default/production\standart_23.X.production.o 

Object code version is 3.11

Machine type is 16F1823



                Name                               Link     Load   Length Selector   Space Scale
C:\Users\U3B6\AppData\Local\Temp\xcAsask.o
                end_init                             2D       2D        1        8       0
                reset_vec                             0        0        1        0       0
                config                             8007     8007        2        0       4
                idloc                              8000     8000        4        0       5
dist/default/production\standart_23.X.production.o
                cinit                                2E       2E       1B        8       0
                intentry                              4        4       29        8       0
                config                             8007     8007        2        0       4
                idloc                              8000     8000        4        0       5
                codecov_info                          0        0     2CA8        0       6
                codecov_info_hdr                      0        0       10        0       6
                text50                              65A      65A        F        8       0
                text49                              6B3      6B3        3      D66       0
                text48                              619      619       12        8       0
                text47                              64B      64B        F        8       0
                text46                              69C      69C        6        8       0
                text45                              52D      52D       19        8       0
                text44                              4E1      4E1       1A        8       0
                text43                              607      607       12        8       0
                text42                              281      281       43        8       0
                text41                              546      546       18        8       0
                text40                              12D      12D       60        8       0
                text39                              63B      63B       10        8       0
                text38                               49       49       81        8       0
                text37                              696      696        6        8       0
                text36                              2C4      2C4       42        8       0
                text35                              6C2      6C2        2      D84       0
                text34                              62B      62B       10        8       0
                text32                              45F      45F       24        8       0
                text31                              4C5      4C5       1C        8       0
                text30                              5F5      5F5       12        8       0
                text29                              5B9      5B9       15        8       0
                text28                              4A4      4A4       21        8       0
                text27                              18D      18D       5A        8       0
                text26                              3E8      3E8       2A        8       0
                text25                              58C      58C       17        8       0
                text24                              483      483       21        8       0
                text23                              1E7      1E7       52        8       0
                text22                              239      239       48        8       0
                text21                              381      381       3B        8       0
                text20                              514      514       19        8       0
                text19                              6A7      6A7        5        8       0
                text18                              67A      67A        8        8       0
                text17                               CA       CA       63        8       0
                text16                              346      346       3B        8       0
                text15                              669      669        9        8       0
                text14                              672      672        8        8       0
                text13                              5A3      5A3       16        8       0
                text12                              689      689        7        8       0
                text11                              575      575       17        8       0
                text10                              682      682        7        8       0
                text9                               5E2      5E2       13        8       0
                text8                               6A2      6A2        5        8       0
                text7                               5CE      5CE       14        8       0
                text6                               6AC      6AC        4        8       0
                text5                               4FB      4FB       19        8       0
                text4                               439      439       26        8       0
                text3                               55E      55E       17        8       0
                text2                               306      306       40        8       0
                text1                               3BC      3BC       2C        8       0
                maintext                            412      412       27        8       0
                cstackBANK0                          58       58        2       20       1
                cstackCOMMON                         73       73        6       70       1
                clrtext                             690      690        6        8       0
                bssBANK0                             34       34       1F       20       1
                bitbssBANK0                         100       20       9F       20       1     8
                bssCOMMON                            79       79        5       70       1
                bitbssCOMMON                        380       70       18       70       1     8
                nvBANK0                              53       53        5       20       1
                stringtext18                        6CE      6CE        1      D88       0
                stringtext17                        6CD      6CD        1      D88       0
                stringtext16                        6CC      6CC        1      D88       0
                stringtext15                        6CB      6CB        1      D88       0
                stringtext14                        6CA      6CA        1      D88       0
                stringtext13                        6C9      6C9        1      D88       0
                stringtext12                        6C8      6C8        1      D88       0
                stringtext11                        6C7      6C7        1      D88       0
                stringtext10                        6C0      6C0        2      D6C       0
                stringtext9                         6BE      6BE        2      D6C       0
                stringtext8                         6BC      6BC        2      D6C       0
                stringtext7                         6C6      6C6        1      D88       0
                stringtext6                         6C5      6C5        1      D88       0
                stringtext5                         6C4      6C4        1      D88       0
                stringtext4                         6BA      6BA        2      D6C       0
                stringtext3                         6B8      6B8        2      D6C       0
                stringtext2                         6B6      6B6        2      D6C       0
                stringtext1                         6B0      6B0        3      D60       0

TOTAL           Name                               Link     Load   Length     Space
        CLASS   CODE           
                end_init                             2D       2D        1         0
                cinit                                2E       2E       1B         0
                intentry                              4        4       29         0
                reset_vec                             0        0        1         0
                text50                              65A      65A        F         0
                text49                              6B3      6B3        3         0
                text48                              619      619       12         0
                text47                              64B      64B        F         0
                text46                              69C      69C        6         0
                text45                              52D      52D       19         0
                text44                              4E1      4E1       1A         0
                text43                              607      607       12         0
                text42                              281      281       43         0
                text41                              546      546       18         0
                text40                              12D      12D       60         0
                text39                              63B      63B       10         0
                text38                               49       49       81         0
                text37                              696      696        6         0
                text36                              2C4      2C4       42         0
                text35                              6C2      6C2        2         0
                text34                              62B      62B       10         0
                text32                              45F      45F       24         0
                text31                              4C5      4C5       1C         0
                text30                              5F5      5F5       12         0
                text29                              5B9      5B9       15         0
                text28                              4A4      4A4       21         0
                text27                              18D      18D       5A         0
                text26                              3E8      3E8       2A         0
                text25                              58C      58C       17         0
                text24                              483      483       21         0
                text23                              1E7      1E7       52         0
                text22                              239      239       48         0
                text21                              381      381       3B         0
                text20                              514      514       19         0
                text19                              6A7      6A7        5         0
                text18                              67A      67A        8         0
                text17                               CA       CA       63         0
                text16                              346      346       3B         0
                text15                              669      669        9         0
                text14                              672      672        8         0
                text13                              5A3      5A3       16         0
                text12                              689      689        7         0
                text11                              575      575       17         0
                text10                              682      682        7         0
                text9                               5E2      5E2       13         0
                text8                               6A2      6A2        5         0
                text7                               5CE      5CE       14         0
                text6                               6AC      6AC        4         0
                text5                               4FB      4FB       19         0
                text4                               439      439       26         0
                text3                               55E      55E       17         0
                text2                               306      306       40         0
                text1                               3BC      3BC       2C         0
                maintext                            412      412       27         0
                clrtext                             690      690        6         0

        CLASS   STRCODE        
                stringtext18                        6CE      6CE        1         0
                stringtext17                        6CD      6CD        1         0
                stringtext16                        6CC      6CC        1         0
                stringtext15                        6CB      6CB        1         0
                stringtext14                        6CA      6CA        1         0
                stringtext13                        6C9      6C9        1         0
                stringtext12                        6C8      6C8        1         0
                stringtext11                        6C7      6C7        1         0
                stringtext10                        6C0      6C0        2         0
                stringtext9                         6BE      6BE        2         0
                stringtext8                         6BC      6BC        2         0
                stringtext7                         6C6      6C6        1         0
                stringtext6                         6C5      6C5        1         0
                stringtext5                         6C4      6C4        1         0
                stringtext4                         6BA      6BA        2         0
                stringtext3                         6B8      6B8        2         0
                stringtext2                         6B6      6B6        2         0
                stringtext1                         6B0      6B0        3         0

        CLASS   STRING         

        CLASS   CONST          

        CLASS   ENTRY          

        CLASS   COMMON         
                cstackCOMMON                         73       73        6         1
                bssCOMMON                            79       79        5         1
                bitbssCOMMON                        380       70       18         1

        CLASS   BANK0          
                cstackBANK0                          58       58        2         1
                bssBANK0                             34       34       1F         1
                bitbssBANK0                         100       20       9F         1
                nvBANK0                              53       53        5         1

        CLASS   BANK1          

        CLASS   BIGRAM         

        CLASS   RAM            

        CLASS   ABS1           
                abs_s1                               7E       7E        2         1

        CLASS   SFR0           

        CLASS   SFR1           

        CLASS   SFR2           

        CLASS   SFR3           

        CLASS   SFR4           

        CLASS   SFR5           

        CLASS   SFR6           

        CLASS   SFR7           

        CLASS   SFR8           

        CLASS   SFR9           

        CLASS   SFR10          

        CLASS   SFR11          

        CLASS   SFR12          

        CLASS   SFR13          

        CLASS   SFR14          

        CLASS   SFR15          

        CLASS   SFR16          

        CLASS   SFR17          

        CLASS   SFR18          

        CLASS   SFR19          

        CLASS   SFR20          

        CLASS   SFR21          

        CLASS   SFR22          

        CLASS   SFR23          

        CLASS   SFR24          

        CLASS   SFR25          

        CLASS   SFR26          

        CLASS   SFR27          

        CLASS   SFR28          

        CLASS   SFR29          

        CLASS   SFR30          

        CLASS   SFR31          

        CLASS   CONFIG         
                config                             8007     8007        2         4

        CLASS   IDLOC          
                idloc                              8000     8000        4         5

        CLASS   EEDATA         

        CLASS   BANK31         

        CLASS   BANK30         

        CLASS   BANK29         

        CLASS   BANK28         

        CLASS   BANK27         

        CLASS   BANK26         

        CLASS   BANK25         

        CLASS   BANK24         

        CLASS   BANK23         

        CLASS   BANK22         

        CLASS   BANK21         

        CLASS   BANK20         

        CLASS   BANK19         

        CLASS   BANK18         

        CLASS   BANK17         

        CLASS   BANK16         

        CLASS   BANK15         

        CLASS   BANK14         

        CLASS   BANK13         

        CLASS   BANK12         

        CLASS   BANK11         

        CLASS   BANK10         

        CLASS   BANK9          

        CLASS   BANK8          

        CLASS   BANK7          

        CLASS   BANK6          

        CLASS   BANK5          

        CLASS   BANK4          

        CLASS   BANK3          

        CLASS   BANK2          

        CLASS   HEAP           

        CLASS   STACK          

        CLASS   UNCLASSED
                codecov_info                          0        0     2CA8         6
                codecov_info_hdr                      0        0       10         6


SEGMENTS        Name                           Load    Length   Top    Selector   Space  Class     Delta

                reset_vec                      000000  000001  000001         0       0  CODE        2
                intentry                       000004  0006AC  0006B0         8       0  CODE        2
                bitbssBANK0                    000020  00003A  00005A        20       1  BANK0       1
                bitbssCOMMON                   000070  00000E  00007E        70       1  COMMON      1
                stringtext1                    0006B0  000003  0006B3       D60       0  STRCODE     2
                text49                         0006B3  000003  0006B6       D66       0  CODE        2
                stringtext2                    0006B6  00000C  0006C2       D6C       0  STRCODE     2
                text35                         0006C2  000002  0006C4       D84       0  CODE        2
                stringtext5                    0006C4  00000B  0006CF       D88       0  STRCODE     2


UNUSED ADDRESS RANGES

        Name                Unused          Largest block    Delta
        BANK0            0005A-0006F              16           1
        BANK1            000A0-000BF              20           1
        BIGRAM           02000-0206F              70           1
        CODE             00001-00003               3           2
                         006CF-007FF             131
        CONST            00001-00003               3           2
                         006CF-007FF              31
        EEDATA           0F000-0F0FF             100           2
        ENTRY            00001-00003               3           2
                         006CF-007FF              31
        RAM              0005A-0006F              16           1
                         000A0-000BF              20
        SFR0             00000-0001F              20           1
        SFR1             00080-0009F              20           1
        SFR10            00500-0056F              70           1
        SFR11            00580-005EF              70           1
        SFR12            00600-0066F              70           1
        SFR13            00680-006EF              70           1
        SFR14            00700-0076F              70           1
        SFR15            00780-007EF              70           1
        SFR16            00800-0086F              70           1
        SFR17            00880-008EF              70           1
        SFR18            00900-0096F              70           1
        SFR19            00980-009EF              70           1
        SFR2             00100-0016F              70           1
        SFR20            00A00-00A6F              70           1
        SFR21            00A80-00AEF              70           1
        SFR22            00B00-00B6F              70           1
        SFR23            00B80-00BEF              70           1
        SFR24            00C00-00C6F              70           1
        SFR25            00C80-00CEF              70           1
        SFR26            00D00-00D6F              70           1
        SFR27            00D80-00DEF              70           1
        SFR28            00E00-00E6F              70           1
        SFR29            00E80-00EEF              70           1
        SFR3             00180-001EF              70           1
        SFR30            00F00-00F6F              70           1
        SFR31            00F80-00FEF              70           1
        SFR4             00200-0026F              70           1
        SFR5             00280-002EF              70           1
        SFR6             00300-0036F              70           1
        SFR7             00380-003EF              70           1
        SFR8             00400-0046F              70           1
        SFR9             00480-004EF              70           1
        STRCODE          00001-00003               3           2
                         006CF-007FF             131
        STRING           00001-00003               3           2
                         006CF-007FF              31

                                  Symbol Table

ADC_GetConversion@channel                 cstackCOMMON     00076
EEPROM_ReadByte@addr                      cstackCOMMON     00077
EEPROM_WriteByte@addr                     cstackCOMMON     00078
EEPROM_WriteByte@dt                       cstackCOMMON     00075
EEPROM_WriteByte@status                   bitbssCOMMON     00397
TMR0_SetInterruptHandler@InterruptHandler cstackCOMMON     00075
TMR2_SetInterruptHandler@InterruptHandler cstackCOMMON     00075
_ADCON0                                   (abs)            0009D
_ADCON0bits                               (abs)            0009D
_ADCON1                                   (abs)            0009E
_ADC_GetConversion                        text20           00514
_ADC_Initialize                           text15           00669
_ADRESH                                   (abs)            0009C
_ADRESL                                   (abs)            0009B
_ANSELA                                   (abs)            0018C
_ANSELAbits                               (abs)            0018C
_ANSELC                                   (abs)            0018E
_ANSELCbits                               (abs)            0018E
_APFCON                                   (abs)            0011D
_BORCON                                   (abs)            00116
_EEADR                                    (abs)            00191
_EECON2                                   (abs)            00196
_EEDATA                                   (abs)            00193
_EEPROM_ReadByte                          text5            004FB
_EEPROM_WriteByte                         text4            00439
_GIE                                      (abs)            0005F
_INTCONbits                               (abs)            0000B
_INTERRUPT_InterruptManager               intentry         00004
_LATA                                     (abs)            0010C
_LATAbits                                 (abs)            0010C
_LATC                                     (abs)            0010E
_LATCbits                                 (abs)            0010E
_OPTION_REG                               (abs)            00095
_OPTION_REGbits                           (abs)            00095
_OSCCON                                   (abs)            00099
_OSCILLATOR_Initialize                    text14           00672
_OSCTUNE                                  (abs)            00098
_PIE1bits                                 (abs)            00091
_PIN_MANAGER_Initialize                   text13           005A3
_PIR1bits                                 (abs)            00011
_PORTAbits                                (abs)            0000C
_PORTCbits                                (abs)            0000E
_PR2                                      (abs)            0001B
_RD                                       (abs)            00CA8
_SYSTEM_Initialize                        text7            005CE
_T2CON                                    (abs)            0001C
_T2CONbits                                (abs)            0001C
_TMR0                                     (abs)            00015
_TMR0_DefaultInterruptHandler             text49           006B3
_TMR0_ISR                                 text48           00619
_TMR0_Initialize                          text11           00575
_TMR0_InterruptHandler                    nvBANK0          00053
_TMR0_SetInterruptHandler                 text12           00689
_TMR2                                     (abs)            0001A
_TMR2_DefaultInterruptHandler             text35           006C2
_TMR2_ISR                                 text34           0062B
_TMR2_Initialize                          text9            005E2
_TMR2_InterruptHandler                    nvBANK0          00055
_TMR2_SetInterruptHandler                 text10           00682
_TMR2_StartTimer                          text6            006AC
_TRISA                                    (abs)            0008C
_TRISAbits                                (abs)            0008C
_TRISC                                    (abs)            0008E
_TRISCbits                                (abs)            0008E
_WDTCON                                   (abs)            00097
_WDT_Initialize                           text8            006A2
_WPUA                                     (abs)            0020C
_WPUC                                     (abs)            0020E
_WR                                       (abs)            00CA9
_WREN                                     (abs)            00CAA
__Habs1                                   abs1             00000
__Hbank0                                  bank0            00000
__Hbank1                                  bank1            00000
__Hbank10                                 bank10           00000
__Hbank11                                 bank11           00000
__Hbank12                                 bank12           00000
__Hbank13                                 bank13           00000
__Hbank14                                 bank14           00000
__Hbank15                                 bank15           00000
__Hbank16                                 bank16           00000
__Hbank17                                 bank17           00000
__Hbank18                                 bank18           00000
__Hbank19                                 bank19           00000
__Hbank2                                  bank2            00000
__Hbank20                                 bank20           00000
__Hbank21                                 bank21           00000
__Hbank22                                 bank22           00000
__Hbank23                                 bank23           00000
__Hbank24                                 bank24           00000
__Hbank25                                 bank25           00000
__Hbank26                                 bank26           00000
__Hbank27                                 bank27           00000
__Hbank28                                 bank28           00000
__Hbank29                                 bank29           00000
__Hbank3                                  bank3            00000
__Hbank30                                 bank30           00000
__Hbank31                                 bank31           00000
__Hbank4                                  bank4            00000
__Hbank5                                  bank5            00000
__Hbank6                                  bank6            00000
__Hbank7                                  bank7            00000
__Hbank8                                  bank8            00000
__Hbank9                                  bank9            00000
__Hbigram                                 bigram           00000
__HbitbssBANK0                            bitbssBANK0      00000
__HbitbssCOMMON                           bitbssCOMMON     00000
__HbssBANK0                               bssBANK0         00000
__HbssCOMMON                              bssCOMMON        00000
__Hcinit                                  cinit            00049
__Hclrtext                                clrtext          00000
__Hcode                                   code             00000
__Hcodecov_info                           codecov_info     02CA8
__Hcodecov_info_hdr                       codecov_info_hdr 00010
__Hcommon                                 common           00000
__Hconfig                                 config           08009
__HcstackBANK0                            cstackBANK0      00000
__HcstackCOMMON                           cstackCOMMON     00000
__Heeprom_data                            eeprom_data      00000
__Hend_init                               end_init         0002E
__Hfunctab                                functab          00000
__Hheap                                   heap             00000
__Hidloc                                  idloc            08004
__Hinit                                   init             0002D
__Hintentry                               intentry         0002D
__Hmaintext                               maintext         00000
__HnvBANK0                                nvBANK0          00000
__Hpowerup                                powerup          00000
__Hram                                    ram              00000
__Hreset_vec                              reset_vec        00001
__Hsfr0                                   sfr0             00000
__Hsfr1                                   sfr1             00000
__Hsfr10                                  sfr10            00000
__Hsfr11                                  sfr11            00000
__Hsfr12                                  sfr12            00000
__Hsfr13                                  sfr13            00000
__Hsfr14                                  sfr14            00000
__Hsfr15                                  sfr15            00000
__Hsfr16                                  sfr16            00000
__Hsfr17                                  sfr17            00000
__Hsfr18                                  sfr18            00000
__Hsfr19                                  sfr19            00000
__Hsfr2                                   sfr2             00000
__Hsfr20                                  sfr20            00000
__Hsfr21                                  sfr21            00000
__Hsfr22                                  sfr22            00000
__Hsfr23                                  sfr23            00000
__Hsfr24                                  sfr24            00000
__Hsfr25                                  sfr25            00000
__Hsfr26                                  sfr26            00000
__Hsfr27                                  sfr27            00000
__Hsfr28                                  sfr28            00000
__Hsfr29                                  sfr29            00000
__Hsfr3                                   sfr3             00000
__Hsfr30                                  sfr30            00000
__Hsfr31                                  sfr31            00000
__Hsfr4                                   sfr4             00000
__Hsfr5                                   sfr5             00000
__Hsfr6                                   sfr6             00000
__Hsfr7                                   sfr7             00000
__Hsfr8                                   sfr8             00000
__Hsfr9                                   sfr9             00000
__Hspace_0                                (abs)            006CF
__Hspace_1                                (abs)            00398
__Hspace_2                                (abs)            00000
__Hspace_3                                (abs)            00000
__Hspace_4                                (abs)            10010
__Hstack                                  stack            00000
__Hstrings                                strings          00000
__Hstringtext1                            stringtext1      00000
__Hstringtext10                           stringtext10     00000
__Hstringtext11                           stringtext11     00000
__Hstringtext12                           stringtext12     00000
__Hstringtext13                           stringtext13     00000
__Hstringtext14                           stringtext14     00000
__Hstringtext15                           stringtext15     00000
__Hstringtext16                           stringtext16     00000
__Hstringtext17                           stringtext17     00000
__Hstringtext18                           stringtext18     00000
__Hstringtext2                            stringtext2      00000
__Hstringtext3                            stringtext3      00000
__Hstringtext4                            stringtext4      00000
__Hstringtext5                            stringtext5      00000
__Hstringtext6                            stringtext6      00000
__Hstringtext7                            stringtext7      00000
__Hstringtext8                            stringtext8      00000
__Hstringtext9                            stringtext9      00000
__Htext                                   text             00000
__Labs1                                   abs1             00000
__Lbank0                                  bank0            00000
__Lbank1                                  bank1            00000
__Lbank10                                 bank10           00000
__Lbank11                                 bank11           00000
__Lbank12                                 bank12           00000
__Lbank13                                 bank13           00000
__Lbank14                                 bank14           00000
__Lbank15                                 bank15           00000
__Lbank16                                 bank16           00000
__Lbank17                                 bank17           00000
__Lbank18                                 bank18           00000
__Lbank19                                 bank19           00000
__Lbank2                                  bank2            00000
__Lbank20                                 bank20           00000
__Lbank21                                 bank21           00000
__Lbank22                                 bank22           00000
__Lbank23                                 bank23           00000
__Lbank24                                 bank24           00000
__Lbank25                                 bank25           00000
__Lbank26                                 bank26           00000
__Lbank27                                 bank27           00000
__Lbank28                                 bank28           00000
__Lbank29                                 bank29           00000
__Lbank3                                  bank3            00000
__Lbank30                                 bank30           00000
__Lbank31                                 bank31           00000
__Lbank4                                  bank4            00000
__Lbank5                                  bank5            00000
__Lbank6                                  bank6            00000
__Lbank7                                  bank7            00000
__Lbank8                                  bank8            00000
__Lbank9                                  bank9            00000
__Lbigram                                 bigram           00000
__LbitbssBANK0                            bitbssBANK0      00000
__LbitbssCOMMON                           bitbssCOMMON     00000
__LbssBANK0                               bssBANK0         00000
__LbssCOMMON                              bssCOMMON        00000
__Lcinit                                  cinit            0002E
__Lclrtext                                clrtext          00000
__Lcode                                   code             00000
__Lcodecov_info                           codecov_info     00000
__Lcodecov_info_hdr                       codecov_info_hdr 00000
__Lcommon                                 common           00000
__Lconfig                                 config           00000
__LcstackBANK0                            cstackBANK0      00000
__LcstackCOMMON                           cstackCOMMON     00000
__Leeprom_data                            eeprom_data      00000
__Lend_init                               end_init         0002D
__Lfunctab                                functab          00000
__Lheap                                   heap             00000
__Lidloc                                  idloc            00000
__Linit                                   init             0002D
__Lintentry                               intentry         00004
__Lmaintext                               maintext         00000
__LnvBANK0                                nvBANK0          00000
__Lpowerup                                powerup          00000
__Lram                                    ram              00000
__Lreset_vec                              reset_vec        00000
__Lsfr0                                   sfr0             00000
__Lsfr1                                   sfr1             00000
__Lsfr10                                  sfr10            00000
__Lsfr11                                  sfr11            00000
__Lsfr12                                  sfr12            00000
__Lsfr13                                  sfr13            00000
__Lsfr14                                  sfr14            00000
__Lsfr15                                  sfr15            00000
__Lsfr16                                  sfr16            00000
__Lsfr17                                  sfr17            00000
__Lsfr18                                  sfr18            00000
__Lsfr19                                  sfr19            00000
__Lsfr2                                   sfr2             00000
__Lsfr20                                  sfr20            00000
__Lsfr21                                  sfr21            00000
__Lsfr22                                  sfr22            00000
__Lsfr23                                  sfr23            00000
__Lsfr24                                  sfr24            00000
__Lsfr25                                  sfr25            00000
__Lsfr26                                  sfr26            00000
__Lsfr27                                  sfr27            00000
__Lsfr28                                  sfr28            00000
__Lsfr29                                  sfr29            00000
__Lsfr3                                   sfr3             00000
__Lsfr30                                  sfr30            00000
__Lsfr31                                  sfr31            00000
__Lsfr4                                   sfr4             00000
__Lsfr5                                   sfr5             00000
__Lsfr6                                   sfr6             00000
__Lsfr7                                   sfr7             00000
__Lsfr8                                   sfr8             00000
__Lsfr9                                   sfr9             00000
__Lspace_0                                (abs)            00000
__Lspace_1                                (abs)            00000
__Lspace_2                                (abs)            00000
__Lspace_3                                (abs)            00000
__Lspace_4                                (abs)            00000
__Lstack                                  stack            00000
__Lstrings                                strings          00000
__Lstringtext1                            stringtext1      00000
__Lstringtext10                           stringtext10     00000
__Lstringtext11                           stringtext11     00000
__Lstringtext12                           stringtext12     00000
__Lstringtext13                           stringtext13     00000
__Lstringtext14                           stringtext14     00000
__Lstringtext15                           stringtext15     00000
__Lstringtext16                           stringtext16     00000
__Lstringtext17                           stringtext17     00000
__Lstringtext18                           stringtext18     00000
__Lstringtext2                            stringtext2      00000
__Lstringtext3                            stringtext3      00000
__Lstringtext4                            stringtext4      00000
__Lstringtext5                            stringtext5      00000
__Lstringtext6                            stringtext6      00000
__Lstringtext7                            stringtext7      00000
__Lstringtext8                            stringtext8      00000
__Lstringtext9                            stringtext9      00000
__Ltext                                   text             00000
__S0                                      (abs)            006CF
__S1                                      (abs)            0007E
__S3                                      (abs)            00000
___heap_hi                                (abs)            00000
___heap_lo                                (abs)            00000
___int_sp                                 stack            00000
___latbits                                (abs)            00000
___sp                                     stack            00000
___stackhi                                (abs)            00000
___stacklo                                (abs)            00000
__ccov100_end_blk4                        text44           004F3
__ccov100_start_blk4                      text44           004EE
__ccov101_end_blk5                        text44           004F4
__ccov101_start_blk5                      text44           004F3
__ccov102_end_blk6                        text44           004F8
__ccov102_start_blk6                      text44           004F4
__ccov103_end_blk8                        text44           004FB
__ccov103_start_blk8                      text44           004F8
__ccov104_end_blk0                        text45           00531
__ccov104_start_blk0                      text45           0052D
__ccov105_end_blk1                        text45           00537
__ccov105_start_blk1                      text45           00531
__ccov106_end_blk2                        text45           0053A
__ccov106_start_blk2                      text45           00537
__ccov107_end_blk4                        text45           0053E
__ccov107_start_blk4                      text45           0053A
__ccov108_end_blk5                        text45           0053F
__ccov108_start_blk5                      text45           0053E
__ccov109_end_blk6                        text45           00543
__ccov109_start_blk6                      text45           0053F
__ccov10_end_blk1                         text15           0066D
__ccov10_start_blk1                       text15           0066C
__ccov110_end_blk8                        text45           00546
__ccov110_start_blk8                      text45           00543
__ccov111_end_blk0                        text43           0060B
__ccov111_start_blk0                      text43           00607
__ccov112_end_blk1                        text43           00611
__ccov112_start_blk1                      text43           0060B
__ccov113_end_blk3                        text43           00616
__ccov113_start_blk3                      text43           00611
__ccov114_end_blk5                        text43           00619
__ccov114_start_blk5                      text43           00616
__ccov115_end_blk0                        text26           003EC
__ccov115_start_blk0                      text26           003E8
__ccov116_end_blk1                        text26           003F2
__ccov116_start_blk1                      text26           003EC
__ccov117_end_blk2                        text26           003F7
__ccov117_start_blk2                      text26           003F2
__ccov118_end_blk3                        text26           003FC
__ccov118_start_blk3                      text26           003F7
__ccov119_end_blk4                        text26           0040F
__ccov119_start_blk4                      text26           003FC
__ccov11_end_blk2                         text15           00670
__ccov11_start_blk2                       text15           0066D
__ccov120_end_blk6                        text26           00412
__ccov120_start_blk6                      text26           0040F
__ccov121_end_blk0                        text32           00463
__ccov121_start_blk0                      text32           0045F
__ccov122_end_blk1                        text32           00469
__ccov122_start_blk1                      text32           00463
__ccov123_end_blk2                        text32           0046E
__ccov123_start_blk2                      text32           00469
__ccov124_end_blk3                        text32           00473
__ccov124_start_blk3                      text32           0046E
__ccov125_end_blk4                        text32           00480
__ccov125_start_blk4                      text32           00473
__ccov126_end_blk6                        text32           00483
__ccov126_start_blk6                      text32           00480
__ccov127_end_blk0                        text31           004C9
__ccov127_start_blk0                      text31           004C5
__ccov128_end_blk1                        text31           004CF
__ccov128_start_blk1                      text31           004C9
__ccov129_end_blk2                        text31           004D4
__ccov129_start_blk2                      text31           004CF
__ccov12_end_blk3                         text15           00672
__ccov12_start_blk3                       text15           00670
__ccov130_end_blk3                        text31           004D9
__ccov130_start_blk3                      text31           004D4
__ccov131_end_blk4                        text31           004DE
__ccov131_start_blk4                      text31           004D9
__ccov132_end_blk7                        text31           004E1
__ccov132_start_blk7                      text31           004DE
__ccov133_end_blk0                        text25           00590
__ccov133_start_blk0                      text25           0058C
__ccov134_end_blk1                        text25           00596
__ccov134_start_blk1                      text25           00590
__ccov135_end_blk2                        text25           0059C
__ccov135_start_blk2                      text25           00596
__ccov136_end_blk3                        text25           005A1
__ccov136_start_blk3                      text25           0059C
__ccov137_end_blk5                        text25           005A3
__ccov137_start_blk5                      text25           005A1
__ccov138_end_blk0                        text30           005F9
__ccov138_start_blk0                      text30           005F5
__ccov139_end_blk1                        text30           005FF
__ccov139_start_blk1                      text30           005F9
__ccov140_end_blk2                        text30           00604
__ccov140_start_blk2                      text30           005FF
__ccov141_end_blk4                        text30           00607
__ccov141_start_blk4                      text30           00604
__ccov142_end_blk0                        text29           005C2
__ccov142_start_blk0                      text29           005B9
__ccov143_end_blk1                        text29           005C6
__ccov143_start_blk1                      text29           005C2
__ccov144_end_blk2                        text29           005C9
__ccov144_start_blk2                      text29           005C6
__ccov145_end_blk3                        text29           005CC
__ccov145_start_blk3                      text29           005C9
__ccov146_end_blk4                        text29           005CE
__ccov146_start_blk4                      text29           005CC
__ccov147_end_blk0                        text24           00487
__ccov147_start_blk0                      text24           00483
__ccov148_end_blk1                        text24           0048D
__ccov148_start_blk1                      text24           00487
__ccov149_end_blk2                        text24           00491
__ccov149_start_blk2                      text24           0048D
__ccov150_end_blk3                        text24           00497
__ccov150_start_blk3                      text24           00491
__ccov151_end_blk4                        text24           0049D
__ccov151_start_blk4                      text24           00497
__ccov152_end_blk5                        text24           004A1
__ccov152_start_blk5                      text24           0049D
__ccov153_end_blk9                        text24           004A4
__ccov153_start_blk9                      text24           004A1
__ccov154_end_blk0                        text28           004A8
__ccov154_start_blk0                      text28           004A4
__ccov155_end_blk1                        text28           004AE
__ccov155_start_blk1                      text28           004A8
__ccov156_end_blk2                        text28           004B2
__ccov156_start_blk2                      text28           004AE
__ccov157_end_blk3                        text28           004B8
__ccov157_start_blk3                      text28           004B2
__ccov158_end_blk4                        text28           004BE
__ccov158_start_blk4                      text28           004B8
__ccov159_end_blk5                        text28           004C2
__ccov159_start_blk5                      text28           004BE
__ccov160_end_blk9                        text28           004C5
__ccov160_start_blk9                      text28           004C2
__ccov161_end_blk0                        text40           00131
__ccov161_start_blk0                      text40           0012D
__ccov162_end_blk1                        text40           00138
__ccov162_start_blk1                      text40           00131
__ccov163_end_blk3                        text40           0013C
__ccov163_start_blk3                      text40           00138
__ccov164_end_blk4                        text40           00144
__ccov164_start_blk4                      text40           0013C
__ccov165_end_blk5                        text40           00148
__ccov165_start_blk5                      text40           00144
__ccov166_end_blk6                        text40           0014F
__ccov166_start_blk6                      text40           00148
__ccov167_end_blk7                        text40           00154
__ccov167_start_blk7                      text40           0014F
__ccov168_end_blk10                       text40           0015A
__ccov168_start_blk10                     text40           00154
__ccov169_end_blk11                       text40           00160
__ccov169_start_blk11                     text40           0015A
__ccov170_end_blk12                       text40           00166
__ccov170_start_blk12                     text40           00160
__ccov171_end_blk13                       text40           00167
__ccov171_start_blk13                     text40           00166
__ccov172_end_blk14                       text40           0016D
__ccov172_start_blk14                     text40           00167
__ccov173_end_blk15                       text40           00170
__ccov173_start_blk15                     text40           0016D
__ccov174_end_blk18                       text40           00175
__ccov174_start_blk18                     text40           00170
__ccov175_end_blk20                       text40           0017C
__ccov175_start_blk20                     text40           00175
__ccov176_end_blk21                       text40           00180
__ccov176_start_blk21                     text40           0017C
__ccov177_end_blk22                       text40           00187
__ccov177_start_blk22                     text40           00180
__ccov178_end_blk23                       text40           0018B
__ccov178_start_blk23                     text40           00187
__ccov179_end_blk27                       text40           0018D
__ccov179_start_blk27                     text40           0018B
__ccov180_end_blk0                        text18           0067E
__ccov180_start_blk0                      text18           0067A
__ccov181_end_blk1                        text18           00680
__ccov181_start_blk1                      text18           0067E
__ccov182_end_blk2                        text18           00682
__ccov182_start_blk2                      text18           00680
__ccov183_end_blk0                        text19           006A9
__ccov183_start_blk0                      text19           006A7
__ccov184_end_blk1                        text19           006AC
__ccov184_start_blk1                      text19           006A9
__ccov185_end_blk0                        text23           001EB
__ccov185_start_blk0                      text23           001E7
__ccov186_end_blk1                        text23           001F1
__ccov186_start_blk1                      text23           001EB
__ccov187_end_blk2                        text23           001F6
__ccov187_start_blk2                      text23           001F1
__ccov188_end_blk3                        text23           001FB
__ccov188_start_blk3                      text23           001F6
__ccov189_end_blk4                        text23           00200
__ccov189_start_blk4                      text23           001FB
__ccov190_end_blk5                        text23           00205
__ccov190_start_blk5                      text23           00200
__ccov191_end_blk6                        text23           0020A
__ccov191_start_blk6                      text23           00205
__ccov192_end_blk7                        text23           0020C
__ccov192_start_blk7                      text23           0020A
__ccov193_end_blk8                        text23           00210
__ccov193_start_blk8                      text23           0020C
__ccov194_end_blk10                       text23           00214
__ccov194_start_blk10                     text23           00210
__ccov195_end_blk11                       text23           0021A
__ccov195_start_blk11                     text23           00214
__ccov196_end_blk12                       text23           0021F
__ccov196_start_blk12                     text23           0021A
__ccov197_end_blk13                       text23           00224
__ccov197_start_blk13                     text23           0021F
__ccov198_end_blk14                       text23           00229
__ccov198_start_blk14                     text23           00224
__ccov199_end_blk15                       text23           0022E
__ccov199_start_blk15                     text23           00229
__ccov1_end_blk0                          text7            005E0
__ccov1_start_blk0                        text7            005CE
__ccov200_end_blk16                       text23           00232
__ccov200_start_blk16                     text23           0022E
__ccov201_end_blk17                       text23           00236
__ccov201_start_blk17                     text23           00232
__ccov202_end_blk19                       text23           00239
__ccov202_start_blk19                     text23           00236
__ccov203_end_blk0                        text1            003C0
__ccov203_start_blk0                      text1            003BC
__ccov204_end_blk1                        text1            003C6
__ccov204_start_blk1                      text1            003C0
__ccov205_end_blk2                        text1            003C8
__ccov205_start_blk2                      text1            003C6
__ccov206_end_blk3                        text1            003CB
__ccov206_start_blk3                      text1            003C8
__ccov207_end_blk4                        text1            003D2
__ccov207_start_blk4                      text1            003CB
__ccov208_end_blk6                        text1            003D8
__ccov208_start_blk6                      text1            003D2
__ccov209_end_blk7                        text1            003DD
__ccov209_start_blk7                      text1            003D8
__ccov210_end_blk8                        text1            003DF
__ccov210_start_blk8                      text1            003DD
__ccov211_end_blk9                        text1            003E2
__ccov211_start_blk9                      text1            003DF
__ccov212_end_blk10                       text1            003E6
__ccov212_start_blk10                     text1            003E2
__ccov213_end_blk14                       text1            003E8
__ccov213_start_blk14                     text1            003E6
__ccov214_end_blk0                        text27           0019C
__ccov214_start_blk0                      text27           0018D
__ccov215_end_blk1                        text27           001A1
__ccov215_start_blk1                      text27           0019C
__ccov216_end_blk2                        text27           001A6
__ccov216_start_blk2                      text27           001A1
__ccov217_end_blk3                        text27           001AB
__ccov217_start_blk3                      text27           001A6
__ccov218_end_blk4                        text27           001B0
__ccov218_start_blk4                      text27           001AB
__ccov219_end_blk5                        text27           001B3
__ccov219_start_blk5                      text27           001B0
__ccov220_end_blk6                        text27           001B5
__ccov220_start_blk6                      text27           001B3
__ccov221_end_blk7                        text27           001BD
__ccov221_start_blk7                      text27           001B5
__ccov222_end_blk9                        text27           001CB
__ccov222_start_blk9                      text27           001BD
__ccov223_end_blk10                       text27           001D0
__ccov223_start_blk10                     text27           001CB
__ccov224_end_blk11                       text27           001D5
__ccov224_start_blk11                     text27           001D0
__ccov225_end_blk12                       text27           001DA
__ccov225_start_blk12                     text27           001D5
__ccov226_end_blk13                       text27           001DF
__ccov226_start_blk13                     text27           001DA
__ccov227_end_blk14                       text27           001E2
__ccov227_start_blk14                     text27           001DF
__ccov228_end_blk15                       text27           001E5
__ccov228_start_blk15                     text27           001E2
__ccov229_end_blk17                       text27           001E7
__ccov229_start_blk17                     text27           001E5
__ccov22_end_blk0                         text20           0051F
__ccov22_start_blk0                       text20           00514
__ccov230_end_blk0                        text41           0054C
__ccov230_start_blk0                      text41           00546
__ccov231_end_blk1                        text41           00550
__ccov231_start_blk1                      text41           0054C
__ccov232_end_blk3                        text41           00556
__ccov232_start_blk3                      text41           00550
__ccov233_end_blk4                        text41           00557
__ccov233_start_blk4                      text41           00556
__ccov234_end_blk5                        text41           0055C
__ccov234_start_blk5                      text41           00557
__ccov235_end_blk8                        text41           0055E
__ccov235_start_blk8                      text41           0055C
__ccov236_end_blk0                        text39           0063F
__ccov236_start_blk0                      text39           0063B
__ccov237_end_blk1                        text39           00643
__ccov237_start_blk1                      text39           0063F
__ccov238_end_blk3                        text39           00649
__ccov238_start_blk3                      text39           00643
__ccov239_end_blk5                        text39           0064B
__ccov239_start_blk5                      text39           00649
__ccov23_end_blk1                         text20           00520
__ccov23_start_blk1                       text20           0051F
__ccov240_end_blk0                        text38           0004E
__ccov240_start_blk0                      text38           00049
__ccov241_end_blk1                        text38           00052
__ccov241_start_blk1                      text38           0004E
__ccov242_end_blk2                        text38           00057
__ccov242_start_blk2                      text38           00052
__ccov243_end_blk3                        text38           0005B
__ccov243_start_blk3                      text38           00057
__ccov244_end_blk4                        text38           0005D
__ccov244_start_blk4                      text38           0005B
__ccov245_end_blk6                        text38           00061
__ccov245_start_blk6                      text38           0005D
__ccov246_end_blk7                        text38           00065
__ccov246_start_blk7                      text38           00061
__ccov247_end_blk8                        text38           00070
__ccov247_start_blk8                      text38           00065
__ccov248_end_blk10                       text38           00074
__ccov248_start_blk10                     text38           00070
__ccov249_end_blk12                       text38           00078
__ccov249_start_blk12                     text38           00074
__ccov24_end_blk2                         text20           00524
__ccov24_start_blk2                       text20           00520
__ccov250_end_blk13                       text38           0007F
__ccov250_start_blk13                     text38           00078
__ccov251_end_blk14                       text38           00086
__ccov251_start_blk14                     text38           0007F
__ccov252_end_blk16                       text38           0008A
__ccov252_start_blk16                     text38           00086
__ccov253_end_blk18                       text38           0009B
__ccov253_start_blk18                     text38           0008A
__ccov254_end_blk19                       text38           000A1
__ccov254_start_blk19                     text38           0009B
__ccov255_end_blk20                       text38           000A5
__ccov255_start_blk20                     text38           000A1
__ccov256_end_blk21                       text38           000AC
__ccov256_start_blk21                     text38           000A5
__ccov257_end_blk22                       text38           000BA
__ccov257_start_blk22                     text38           000AC
__ccov258_end_blk23                       text38           000BC
__ccov258_start_blk23                     text38           000BA
__ccov259_end_blk27                       text38           000C2
__ccov259_start_blk27                     text38           000BC
__ccov25_end_blk3                         text20           00526
__ccov25_start_blk3                       text20           00524
__ccov260_end_blk28                       text38           000C5
__ccov260_start_blk28                     text38           000C2
__ccov261_end_blk29                       text38           000C8
__ccov261_start_blk29                     text38           000C5
__ccov262_end_blk31                       text38           000CA
__ccov262_start_blk31                     text38           000C8
__ccov263_end_blk0                        text42           00285
__ccov263_start_blk0                      text42           00281
__ccov264_end_blk1                        text42           0028B
__ccov264_start_blk1                      text42           00285
__ccov265_end_blk2                        text42           00290
__ccov265_start_blk2                      text42           0028B
__ccov266_end_blk4                        text42           00296
__ccov266_start_blk4                      text42           00290
__ccov267_end_blk5                        text42           0029B
__ccov267_start_blk5                      text42           00296
__ccov268_end_blk8                        text42           002A1
__ccov268_start_blk8                      text42           0029B
__ccov269_end_blk9                        text42           002A6
__ccov269_start_blk9                      text42           002A1
__ccov26_end_blk5                         text20           0052A
__ccov26_start_blk5                       text20           00526
__ccov270_end_blk10                       text42           002AD
__ccov270_start_blk10                     text42           002A6
__ccov271_end_blk13                       text42           002B2
__ccov271_start_blk13                     text42           002AD
__ccov272_end_blk14                       text42           002B6
__ccov272_start_blk14                     text42           002B2
__ccov273_end_blk16                       text42           002BD
__ccov273_start_blk16                     text42           002B6
__ccov274_end_blk17                       text42           002C1
__ccov274_start_blk17                     text42           002BD
__ccov275_end_blk22                       text42           002C4
__ccov275_start_blk22                     text42           002C1
__ccov276_end_blk0                        text47           0064F
__ccov276_start_blk0                      text47           0064B
__ccov277_end_blk1                        text47           00655
__ccov277_start_blk1                      text47           0064F
__ccov278_end_blk2                        text47           00658
__ccov278_start_blk2                      text47           00655
__ccov279_end_blk4                        text47           0065A
__ccov279_start_blk4                      text47           00658
__ccov27_end_blk7                         text20           0052B
__ccov27_start_blk7                       text20           0052A
__ccov280_end_blk0                        text36           002C9
__ccov280_start_blk0                      text36           002C4
__ccov281_end_blk1                        text36           002CF
__ccov281_start_blk1                      text36           002C9
__ccov282_end_blk2                        text36           002D3
__ccov282_start_blk2                      text36           002CF
__ccov283_end_blk3                        text36           002DA
__ccov283_start_blk3                      text36           002D3
__ccov284_end_blk4                        text36           002DE
__ccov284_start_blk4                      text36           002DA
__ccov285_end_blk7                        text36           002DF
__ccov285_start_blk7                      text36           002DE
__ccov286_end_blk8                        text36           002E0
__ccov286_start_blk8                      text36           002DF
__ccov287_end_blk9                        text36           002E8
__ccov287_start_blk9                      text36           002E0
__ccov288_end_blk10                       text36           002EB
__ccov288_start_blk10                     text36           002E8
__ccov289_end_blk11                       text36           002F3
__ccov289_start_blk11                     text36           002EB
__ccov28_end_blk9                         text20           0052D
__ccov28_start_blk9                       text20           0052B
__ccov290_end_blk12                       text36           002F6
__ccov290_start_blk12                     text36           002F3
__ccov291_end_blk16                       text36           002FD
__ccov291_start_blk16                     text36           002F6
__ccov292_end_blk17                       text36           00300
__ccov292_start_blk17                     text36           002FD
__ccov293_end_blk18                       text36           00304
__ccov293_start_blk18                     text36           00300
__ccov294_end_blk20                       text36           00306
__ccov294_start_blk20                     text36           00304
__ccov295_end_blk0                        text3            00566
__ccov295_start_blk0                      text3            0055E
__ccov296_end_blk1                        text3            0056B
__ccov296_start_blk1                      text3            00566
__ccov297_end_blk2                        text3            00572
__ccov297_start_blk2                      text3            0056B
__ccov298_end_blk4                        text3            00575
__ccov298_start_blk4                      text3            00572
__ccov299_end_blk0                        text16           00372
__ccov299_start_blk0                      text16           00346
__ccov2_end_blk1                          text7            005E2
__ccov2_start_blk1                        text7            005E0
__ccov300_end_blk1                        text16           00375
__ccov300_start_blk1                      text16           00372
__ccov301_end_blk2                        text16           00379
__ccov301_start_blk2                      text16           00375
__ccov302_end_blk3                        text16           0037A
__ccov302_start_blk3                      text16           00379
__ccov303_end_blk4                        text16           0037E
__ccov303_start_blk4                      text16           0037A
__ccov304_end_blk7                        text16           00381
__ccov304_start_blk7                      text16           0037E
__ccov306_end_blk1                        text50           00666
__ccov306_start_blk1                      text50           0065A
__ccov307_end_blk3                        text50           00669
__ccov307_start_blk3                      text50           00666
__ccov308_end_blk0                        text17           000CE
__ccov308_start_blk0                      text17           000CA
__ccov309_end_blk1                        text17           000D0
__ccov309_start_blk1                      text17           000CE
__ccov310_end_blk3                        text17           000D2
__ccov310_start_blk3                      text17           000D0
__ccov311_end_blk5                        text17           000DA
__ccov311_start_blk5                      text17           000D2
__ccov312_end_blk6                        text17           000E5
__ccov312_start_blk6                      text17           000DA
__ccov313_end_blk8                        text17           000E7
__ccov313_start_blk8                      text17           000E5
__ccov314_end_blk11                       text17           000E9
__ccov314_start_blk11                     text17           000E7
__ccov315_end_blk13                       text17           000F3
__ccov315_start_blk13                     text17           000E9
__ccov316_end_blk14                       text17           000F9
__ccov316_start_blk14                     text17           000F3
__ccov317_end_blk16                       text17           00103
__ccov317_start_blk16                     text17           000F9
__ccov318_end_blk17                       text17           00108
__ccov318_start_blk17                     text17           00103
__ccov319_end_blk20                       text17           0010F
__ccov319_start_blk20                     text17           00108
__ccov31_end_blk0                         text13           005A6
__ccov31_start_blk0                       text13           005A3
__ccov320_end_blk21                       text17           00112
__ccov320_start_blk21                     text17           0010F
__ccov321_end_blk22                       text17           00118
__ccov321_start_blk22                     text17           00112
__ccov322_end_blk24                       text17           0011F
__ccov322_start_blk24                     text17           00118
__ccov323_end_blk25                       text17           00122
__ccov323_start_blk25                     text17           0011F
__ccov324_end_blk26                       text17           00128
__ccov324_start_blk26                     text17           00122
__ccov325_end_blk28                       text17           0012A
__ccov325_start_blk28                     text17           00128
__ccov326_end_blk30                       text17           0012D
__ccov326_start_blk30                     text17           0012A
__ccov327_end_blk0                        text22           0023D
__ccov327_start_blk0                      text22           00239
__ccov328_end_blk1                        text22           0023F
__ccov328_start_blk1                      text22           0023D
__ccov329_end_blk3                        text22           00247
__ccov329_start_blk3                      text22           0023F
__ccov32_end_blk1                         text13           005A9
__ccov32_start_blk1                       text13           005A6
__ccov330_end_blk5                        text22           00249
__ccov330_start_blk5                      text22           00247
__ccov331_end_blk8                        text22           0024B
__ccov331_start_blk8                      text22           00249
__ccov332_end_blk10                       text22           00250
__ccov332_start_blk10                     text22           0024B
__ccov333_end_blk11                       text22           00256
__ccov333_start_blk11                     text22           00250
__ccov334_end_blk13                       text22           0025B
__ccov334_start_blk13                     text22           00256
__ccov335_end_blk16                       text22           0025D
__ccov335_start_blk16                     text22           0025B
__ccov336_end_blk18                       text22           00265
__ccov336_start_blk18                     text22           0025D
__ccov337_end_blk19                       text22           00269
__ccov337_start_blk19                     text22           00265
__ccov338_end_blk20                       text22           0026A
__ccov338_start_blk20                     text22           00269
__ccov339_end_blk21                       text22           0026D
__ccov339_start_blk21                     text22           0026A
__ccov33_end_blk2                         text13           005AB
__ccov33_start_blk2                       text13           005A9
__ccov340_end_blk23                       text22           00275
__ccov340_start_blk23                     text22           0026D
__ccov341_end_blk24                       text22           00279
__ccov341_start_blk24                     text22           00275
__ccov342_end_blk25                       text22           0027A
__ccov342_start_blk25                     text22           00279
__ccov343_end_blk26                       text22           0027C
__ccov343_start_blk26                     text22           0027A
__ccov344_end_blk29                       text22           0027E
__ccov344_start_blk29                     text22           0027C
__ccov345_end_blk31                       text22           00281
__ccov345_start_blk31                     text22           0027E
__ccov346_end_blk0                        text21           00385
__ccov346_start_blk0                      text21           00381
__ccov347_end_blk1                        text21           00387
__ccov347_start_blk1                      text21           00385
__ccov348_end_blk3                        text21           00389
__ccov348_start_blk3                      text21           00387
__ccov349_end_blk4                        text21           0038E
__ccov349_start_blk4                      text21           00389
__ccov34_end_blk3                         text13           005AE
[...]
__ccovbit6_87                             bitbssBANK0      0015F
__ccovbit6_98                             bitbssBANK0      00154
__ccovbit7_106                            bitbssBANK0      0014C
__ccovbit7_154                            bitbssBANK0      0011C
__ccovbit7_171                            bitbssBANK0      0010B
__ccovbit7_47                             bitbssBANK0      00187
__ccovbit7_71                             bitbssBANK0      0016F
__ccovbit7_99                             bitbssBANK0      00153
__ccovbit8_116                            bitbssBANK0      00142
__ccovbit8_122                            bitbssBANK0      0013C
__ccovbit8_136                            bitbssBANK0      0012E
__ccovbit8_182                            bitbssBANK0      00100
__ccovbit8_29                             bitbssBANK0      00199
__ccovbit8_32                             bitbssBANK0      00196
__ccovbit8_88                             bitbssBANK0      0015E
__ccovbit9_180                            bitbssBANK0      00102
__ccovbit9_5                              bitbssCOMMON     00392
__ccovbit9_62                             bitbssBANK0      00178
__ccovbit9_67                             bitbssBANK0      00173
__end_of_ADC_GetConversion                text20           0052D
__end_of_ADC_Initialize                   text15           00672
__end_of_AUTOROTATION_DAYS                stringtext10     006C2
__end_of_AUTOROTATION_DELAY               stringtext1      006B3
__end_of_BAD_WSP_VOLTAGE                  stringtext3      006BA
__end_of_EEPROM_ReadByte                  text5            00514
__end_of_EEPROM_WriteByte                 text4            0045F
__end_of_FRIMWARE_VERSION_EEPROM_ADR      stringtext7      006C7
__end_of_FUN_MEAS_COUNT                   stringtext15     006CC
__end_of_GOOD_WSP_VOLTAGE                 stringtext2      006B8
__end_of_HIGH_WATER_RESISTANSE            stringtext8      006BE
__end_of_INTERRUPT_InterruptManager       intentry         0002D
__end_of_JUMP_MEAS_COUNT                  stringtext14     006CB
__end_of_LONG_ZUMMER_DELAY                stringtext17     006CE
__end_of_LOW_WATER_RESISTANSE             stringtext9      006C0
__end_of_MELODY_REPEAT_DELAY              stringtext5      006C5
__end_of_MOVING_WAIT_DELAY                stringtext6      006C6
__end_of_OSCILLATOR_Initialize            text14           0067A
__end_of_PIN_MANAGER_Initialize           text13           005B9
__end_of_RELE_GAP                         stringtext11     006C8
__end_of_RELE_POWER_AUTOROTATION_DELAY    stringtext12     006C9
__end_of_RELE_POWER_WORK_DELAY            stringtext13     006CA
__end_of_SHORT_ZUMMER_DELAY               stringtext18     006CF
__end_of_SYSTEM_Initialize                text7            005E2
__end_of_TMR0_DefaultInterruptHandler     text49           006B6
__end_of_TMR0_ISR                         text48           0062B
__end_of_TMR0_Initialize                  text11           0058C
__end_of_TMR0_SetInterruptHandler         text12           00690
__end_of_TMR2_DefaultInterruptHandler     text35           006C4
__end_of_TMR2_ISR                         text34           0063B
__end_of_TMR2_Initialize                  text9            005F5
__end_of_TMR2_SetInterruptHandler         text10           00689
__end_of_TMR2_StartTimer                  text6            006B0
__end_of_UP_RESISTANSE                    stringtext4      006BC
__end_of_WDT_Initialize                   text8            006A7
__end_of_WSP_MEAS_COUNT                   stringtext16     006CD
__end_of__initialization                  cinit            00046
__end_of_autorotation_work                text27           001E7
__end_of_beep_double                      text43           00619
__end_of_beep_long                        text45           00546
__end_of_beep_short                       text44           004FB
__end_of_clear_alarm                      text19           006AC
__end_of_close                            text24           004A4
__end_of_eeprom_set                       text3            00575
__end_of_fun_work                         text23           00239
__end_of_get_fun                          text22           00281
__end_of_get_jump                         text21           003BC
__end_of_get_wsp                          text17           0012D
__end_of_go_close                         text26           00412
__end_of_go_close_alt                     text25           005A3
__end_of_go_close_short                   text32           00483
__end_of_go_open                          text31           004E1
__end_of_go_open_alt                      text30           00607
__end_of_hardware_work                    text16           00381
__end_of_main                             maintext         00439
__end_of_minute_tick                      text41           0055E
__end_of_ms_100_work                      text47           0065A
__end_of_ms_200_work                      text42           002C4
__end_of_ms_tick                          text36           00306
__end_of_open                             text28           004C5
__end_of_rele_off                         text29           005CE
__end_of_rele_tick                        text40           0018D
__end_of_sec_30_work                      text39           0064B
__end_of_sec_work                         text38           000CA
__end_of_start_alarm                      text18           00682
__end_of_start_setup                      text2            00346
__end_of_start_tone                       text46           006A2
__end_of_stop_tone                        text37           0069C
__end_of_switch_wm                        text1            003E8
__end_of_zummer_switch                    text50           00669
__initialization                          cinit            0002E
__pbitbssBANK0                            bitbssBANK0      00100
__pbitbssCOMMON                           bitbssCOMMON     00380
__pbssBANK0                               bssBANK0         00034
__pbssCOMMON                              bssCOMMON        00079
__pcodecov_info                           codecov_info     00000
__pcodecov_info_hdr                       codecov_info_hdr 00000
__pcstackBANK0                            cstackBANK0      00058
__pcstackCOMMON                           cstackCOMMON     00073
__pintentry                               intentry         00004
__pmaintext                               maintext         00412
__pnvBANK0                                nvBANK0          00053
__pstringtext1                            stringtext1      006B0
__pstringtext10                           stringtext10     006C0
__pstringtext11                           stringtext11     006C7
__pstringtext12                           stringtext12     006C8
__pstringtext13                           stringtext13     006C9
__pstringtext14                           stringtext14     006CA
__pstringtext15                           stringtext15     006CB
__pstringtext16                           stringtext16     006CC
__pstringtext17                           stringtext17     006CD
__pstringtext18                           stringtext18     006CE
__pstringtext2                            stringtext2      006B6
__pstringtext3                            stringtext3      006B8
__pstringtext4                            stringtext4      006BA
__pstringtext5                            stringtext5      006C4
__pstringtext6                            stringtext6      006C5
__pstringtext7                            stringtext7      006C6
__pstringtext8                            stringtext8      006BC
__pstringtext9                            stringtext9      006BE
__ptext1                                  text1            003BC
__ptext10                                 text10           00682
__ptext11                                 text11           00575
__ptext12                                 text12           00689
__ptext13                                 text13           005A3
__ptext14                                 text14           00672
__ptext15                                 text15           00669
__ptext16                                 text16           00346
__ptext17                                 text17           000CA
__ptext18                                 text18           0067A
__ptext19                                 text19           006A7
__ptext2                                  text2            00306
__ptext20                                 text20           00514
__ptext21                                 text21           00381
__ptext22                                 text22           00239
__ptext23                                 text23           001E7
__ptext24                                 text24           00483
__ptext25                                 text25           0058C
__ptext26                                 text26           003E8
__ptext27                                 text27           0018D
__ptext28                                 text28           004A4
__ptext29                                 text29           005B9
__ptext3                                  text3            0055E
__ptext30                                 text30           005F5
__ptext31                                 text31           004C5
__ptext32                                 text32           0045F
__ptext34                                 text34           0062B
__ptext35                                 text35           006C2
__ptext36                                 text36           002C4
__ptext37                                 text37           00696
__ptext38                                 text38           00049
__ptext39                                 text39           0063B
__ptext4                                  text4            00439
__ptext40                                 text40           0012D
__ptext41                                 text41           00546
__ptext42                                 text42           00281
__ptext43                                 text43           00607
__ptext44                                 text44           004E1
__ptext45                                 text45           0052D
__ptext46                                 text46           0069C
__ptext47                                 text47           0064B
__ptext48                                 text48           00619
__ptext49                                 text49           006B3
__ptext5                                  text5            004FB
__ptext50                                 text50           0065A
__ptext6                                  text6            006AC
__ptext7                                  text7            005CE
__ptext8                                  text8            006A2
__ptext9                                  text9            005E2
_autorotation_work                        text27           0018D
_beep_double                              text43           00607
_beep_long                                text45           0052D
_beep_long_count                          bssBANK0         0004E
_beep_short                               text44           004E1
_beep_short_count                         bssCOMMON        0007D
_clear_alarm                              text19           006A7
_close                                    text24           00483
_eeprom_set                               text3            0055E
_ff                                       bssCOMMON        00079
_fun_work                                 text23           001E7
_get_fun                                  text22           00239
_get_jump                                 text21           00381
_get_wsp                                  text17           000CA
_go_close                                 text26           003E8
_go_close_alt                             text25           0058C
_go_close_short                           text32           0045F
_go_open                                  text31           004C5
_go_open_alt                              text30           005F5
_hardware_work                            text16           00346
_main                                     maintext         00412
_minute_tick                              text41           00546
_ms_100_work                              text47           0064B
_ms_200_work                              text42           00281
_ms_tick                                  text36           002C4
_open                                     text28           004A4
_rele_off                                 text29           005B9
_rele_tick                                text40           0012D
_sec_30_work                              text39           0063B
_sec_count                                bssBANK0         00052
_sec_work                                 text38           00049
_start_alarm                              text18           0067A
_start_setup                              text2            00306
_start_tone                               text46           0069C
_stop_tone                                text37           00696
_switch_wm                                text1            003BC
_time_meas                                bssBANK0         0004F
_time_melody                              bssBANK0         00051
_time_moving_wait                         bssBANK0         00050
_time_rele_control                        bssBANK0         00043
_time_rele_gap                            bssBANK0         00041
_time_rele_power                          bssBANK0         00045
_time_rotation                            bssBANK0         00034
_time_tone                                bssBANK0         0003F
_time_zummer_long                         bssBANK0         0003B
_time_zummer_short                        bssBANK0         0003D
_timer0ReloadVal                          nvBANK0          00057
_zummer_switch                            text50           0065A
btemp                                     (abs)            0007E
clear_ram0                                clrtext          00690
eeprom_set@vers                           cstackBANK0      00059
end_of_initialization                     cinit            00046
get_fun@fun_counter                       bssBANK0         0004A
get_jump@jump_counter                     bssBANK0         00049
get_wsp@bad_measures_counter              bssBANK0         0004B
get_wsp@res                               cstackBANK0      00058
int$flags                                 (abs)            0007E
intlevel0                                 functab          00000
intlevel1                                 functab          00000
intlevel2                                 functab          00000
intlevel3                                 functab          00000
intlevel4                                 functab          00000
intlevel5                                 functab          00000
ms_tick@ms_count                          bssBANK0         00039
ms_tick@s_count                           bssBANK0         00037
reset_vec                                 reset_vec        00000
sec_work@iled                             bssBANK0         0004C
start                                     init             0002D
start_initialization                      cinit            0002E
wtemp0                                    (abs)            0007E


MODULE INFORMATION

Module		Function		Class		Link	Load	Size
mcc_generated_files/tmr2.c
		_TMR2_ISR      		CODE           	062B	0000	16
		_TMR2_Initialize		CODE           	05E2	0000	19
		_TMR2_SetInterruptHandler		CODE           	0682	0000	7
		_TMR2_DefaultInterruptHandler		CODE           	06C2	0000	2
		_TMR2_StartTimer		CODE           	06AC	0000	4

mcc_generated_files/tmr2.c estimated size: 48

mcc_generated_files/interrupt_manager.c
		_INTERRUPT_InterruptManager		CODE           	0004	0000	41

mcc_generated_files/interrupt_manager.c estimated size: 41

mcc_generated_files/tmr0.c
		_TMR0_SetInterruptHandler		CODE           	0689	0000	7
		_TMR0_DefaultInterruptHandler		CODE           	06B3	0000	3
		_TMR0_ISR      		CODE           	0619	0000	18
		_TMR0_Initialize		CODE           	0575	0000	23

mcc_generated_files/tmr0.c estimated size: 51

mcc_generated_files/pin_manager.c
		_PIN_MANAGER_Initialize		CODE           	05A3	0000	22

mcc_generated_files/pin_manager.c estimated size: 22

mcc_generated_files/adc.c
		_ADC_Initialize		CODE           	0669	0000	9
		_ADC_GetConversion		CODE           	0514	0000	25

mcc_generated_files/adc.c estimated size: 34

eeprom.c
		_EEPROM_WriteByte		CODE           	0439	0000	38
		_EEPROM_ReadByte		CODE           	04FB	0000	25

eeprom.c estimated size: 63

shared
		_FUN_MEAS_COUNT		STRCODE        	0000	0000	0
		_RELE_GAP      		STRCODE        	0000	0000	0
		_RELE_POWER_WORK_DELAY		STRCODE        	0000	0000	0
		_HIGH_WATER_RESISTANSE		STRCODE        	0000	0000	0
		_BAD_WSP_VOLTAGE		STRCODE        	0000	0000	0
		_WSP_MEAS_COUNT		STRCODE        	0000	0000	0
		_LOW_WATER_RESISTANSE		STRCODE        	0000	0000	0
		_SHORT_ZUMMER_DELAY		STRCODE        	0000	0000	0
		_MOVING_WAIT_DELAY		STRCODE        	0000	0000	0
		_AUTOROTATION_DELAY		STRCODE        	0000	0000	0
		__initialization		CODE           	002E	0000	24
		_LONG_ZUMMER_DELAY		STRCODE        	0000	0000	0
		_FRIMWARE_VERSION_EEPROM_ADR		STRCODE        	0000	0000	0
		_UP_RESISTANSE 		STRCODE        	0000	0000	0
		_JUMP_MEAS_COUNT		STRCODE        	0000	0000	0
		_AUTOROTATION_DAYS		STRCODE        	0000	0000	0
		_RELE_POWER_AUTOROTATION_DELAY		STRCODE        	0000	0000	0
		_GOOD_WSP_VOLTAGE		STRCODE        	0000	0000	0
		_MELODY_REPEAT_DELAY		STRCODE        	0000	0000	0

shared estimated size: 24

mcc_generated_files/mcc.c
		_WDT_Initialize		CODE           	06A2	0000	5
		_OSCILLATOR_Initialize		CODE           	0672	0000	8
		_SYSTEM_Initialize		CODE           	05CE	0000	20

mcc_generated_files/mcc.c estimated size: 33

main.c
		_go_close      		CODE           	03E8	0000	42
		_zummer_switch 		CODE           	065A	0000	15
		_go_close_alt  		CODE           	058C	0000	23
		_autorotation_work		CODE           	018D	0000	90
		_beep_long     		CODE           	052D	0000	25
		_ms_100_work   		CODE           	064B	0000	15
		_start_alarm   		CODE           	067A	0000	8
		_hardware_work 		CODE           	0346	0000	59
		_clear_alarm   		CODE           	06A7	0000	5
		_start_tone    		CODE           	069C	0000	6
		_ms_200_work   		CODE           	0281	0000	67
		_rele_tick     		CODE           	012D	0000	96
		_main          		CODE           	0412	0000	39
		_go_close_short		CODE           	045F	0000	36
		_minute_tick   		CODE           	0546	0000	24
		_beep_double   		CODE           	0607	0000	18
		_open          		CODE           	04A4	0000	33
		_close         		CODE           	0483	0000	33
		_rele_off      		CODE           	05B9	0000	21
		_ms_tick       		CODE           	02C4	0000	66
		_switch_wm     		CODE           	03BC	0000	44
		_start_setup   		CODE           	0306	0000	64
		_sec_30_work   		CODE           	063B	0000	16
		_get_wsp       		CODE           	00CA	0000	99
		_fun_work      		CODE           	01E7	0000	82
		_beep_short    		CODE           	04E1	0000	26
		_stop_tone     		CODE           	0696	0000	6
		_go_open       		CODE           	04C5	0000	28
		_eeprom_set    		CODE           	055E	0000	23
		_go_open_alt   		CODE           	05F5	0000	18
		_get_fun       		CODE           	0239	0000	72
		_get_jump      		CODE           	0381	0000	59
		_sec_work      		CODE           	0049	0000	129

main.c estimated size: 1387

