Microchip MPLAB XC8 Compiler V2.36

Linker command line:

-W-3 --edf=C:\Program Files\Microchip\xc8\v2.36\pic\dat\en_msgs.txt -cn \
  -h+.ca/dist/Config_2/production\standart_23.X.production.sym \
  --cmf=.ca/dist/Config_2/production\standart_23.X.production.cmf -z \
  -Q16F1823 -oC:\Users\vlads\AppData\Local\Temp\xcAsdoc.4 \
  --defsym=__MPLAB_BUILD=1 \
  -M.ca/dist/Config_2/production/standart_23.X.production.map \
  --md=C:\Users\vlads\AppData\Local\Temp\xcAsdoc.dat -E1 -ver=XC8 Compiler \
  --acfsm=1493 -ACODE=00h-07FFh -ASTRCODE=00h-07FFh -ASTRING=00h-0FFhx8 \
  -ACONST=00h-0FFhx8 -AENTRY=00h-0FFhx8 -ACOMMON=070h-07Fh \
  -ABANK0=020h-06Fh -ABANK1=0A0h-0BFh -ABIGRAM=02000h-0206Fh \
  -ARAM=020h-06Fh,0A0h-0BFh -AABS1=020h-07Fh,0A0h-0BFh -ASFR0=00h-01Fh \
  -ASFR1=080h-09Fh -ASFR2=0100h-016Fh -ASFR3=0180h-01EFh -ASFR4=0200h-026Fh \
  -ASFR5=0280h-02EFh -ASFR6=0300h-036Fh -ASFR7=0380h-03EFh \
  -ASFR8=0400h-046Fh -ASFR9=0480h-04EFh -ASFR10=0500h-056Fh \
  -ASFR11=0580h-05EFh -ASFR12=0600h-066Fh -ASFR13=0680h-06EFh \
  -ASFR14=0700h-076Fh -ASFR15=0780h-07EFh -ASFR16=0800h-086Fh \
  -ASFR17=0880h-08EFh -ASFR18=0900h-096Fh -ASFR19=0980h-09EFh \
  -ASFR20=0A00h-0A6Fh -ASFR21=0A80h-0AEFh -ASFR22=0B00h-0B6Fh \
  -ASFR23=0B80h-0BEFh -ASFR24=0C00h-0C6Fh -ASFR25=0C80h-0CEFh \
  -ASFR26=0D00h-0D6Fh -ASFR27=0D80h-0DEFh -ASFR28=0E00h-0E6Fh \
  -ASFR29=0E80h-0EEFh -ASFR30=0F00h-0F6Fh -ASFR31=0F80h-0FEFh \
  -ACONFIG=08007h-08008h -DCONFIG=2 -AIDLOC=08000h-08003h -DIDLOC=2 \
  -AEEDATA=00h-0FFh/0F000h -peeprom_data=EEDATA -DEEDATA=2 -DCODE=2 \
  -DSTRCODE=2 -DSTRING=2 -DCONST=2 -DENTRY=2 \
  -preset_vec=00h,intentry=04h,init,end_init -ppowerup=CODE -pcinit=CODE \
  -pfunctab=ENTRY -k C:\Users\vlads\AppData\Local\Temp\xcAsdoc.o \
  .ca/dist/Config_2/production\standart_23.X.production.o 

Object code version is 3.11

Machine type is 16F1823



                Name                               Link     Load   Length Selector   Space Scale
C:\Users\vlads\AppData\Local\Temp\xcAsdoc.o
                end_init                             16       16        1        8       0
                reset_vec                             0        0        1        0       0
                config                             8007     8007        2        0       4
                idloc                              8000     8000        4        0       5
.ca/dist/Config_2/production\standart_23.X.production.o
                cinit                                17       17       14        8       0
                intentry                              4        4       12        8       0
                config                             8007     8007        2        0       4
                idloc                              8000     8000        4        0       5
                text50                              586      586        C        8       0
                text49                              60E      60E        1      C10       0
                text48                              578      578        E        8       0
                text47                              4C3      4C3       1F        8       0
                text46                              5FB      5FB        4        8       0
                text45                              5B9      5B9        9        8       0
                text44                              4E2      4E2       19        8       0
                text43                              41B      41B       27        8       0
                text42                              442      442       23        8       0
                text41                              5B0      5B0        9        8       0
                text40                              2E7      2E7       33        8       0
                text39                              60D      60D        1      C10       0
                text38                              5A6      5A6        A        8       0
                text37                              559      559       10        8       0
                text35                              569      569        F        8       0
                text34                              3F4      3F4       27        8       0
                text33                              4A4      4A4       1F        8       0
                text32                              5EE      5EE        5        8       0
                text31                              59C      59C        A        8       0
                text30                              5E9      5E9        5        8       0
                text29                              20F      20F       39        8       0
                text28                              485      485       1F        8       0
                text27                              31A      31A       32        8       0
                text26                              34C      34C       2E        8       0
                text25                              524      524       14        8       0
                text24                              3CD      3CD       27        8       0
                text23                              465      465       20        8       0
                text22                              186      186       4A        8       0
                text21                              37A      37A       2B        8       0
                text20                              5CA      5CA        8        8       0
                text19                              5F7      5F7        4        8       0
                text18                              5D2      5D2        7        8       0
                text17                              4FB      4FB       15        8       0
                text16                              5E4      5E4        5        8       0
                text15                              510      510       14        8       0
                text14                              5DF      5DF        5        8       0
                text13                              549      549       10        8       0
                text12                              5F3      5F3        4        8       0
                text11                              5C2      5C2        8        8       0
                text10                              60B      60B        2      C10       0
                text9                                FE       FE       88        8       0
                text8                               1D0      1D0       3F        8       0
                text7                               538      538       11        8       0
                text6                                2B       2B       D3        8       0
                text5                               608      608        3      C10       0
                text4                               248      248       38        8       0
                text3                               280      280       34        8       0
                text2                               3A5      3A5       28        8       0
                text1                               2B4      2B4       33        8       0
                maintext                            592      592        A        8       0
                cstackBANK0                          20       20       2D       20       1
                cstackCOMMON                         70       70        8       70       1
                clrtext                             5D9      5D9        6        8       0
                bssBANK1                             A0       A0       20       A0       1
                bssBANK0                             4D       4D       1B       20       1
                bssCOMMON                            78       78        5       70       1
                nvBANK0                              68       68        5       20       1
                stringtext3                         605      605        3      BFE       0
                stringtext2                         602      602        3      BFE       0
                stringtext1                         5FF      5FF        3      BFE       0

TOTAL           Name                               Link     Load   Length     Space
        CLASS   CODE           
                end_init                             16       16        1         0
                cinit                                17       17       14         0
                intentry                              4        4       12         0
                reset_vec                             0        0        1         0
                text50                              586      586        C         0
                text49                              60E      60E        1         0
                text48                              578      578        E         0
                text47                              4C3      4C3       1F         0
                text46                              5FB      5FB        4         0
                text45                              5B9      5B9        9         0
                text44                              4E2      4E2       19         0
                text43                              41B      41B       27         0
                text42                              442      442       23         0
                text41                              5B0      5B0        9         0
                text40                              2E7      2E7       33         0
                text39                              60D      60D        1         0
                text38                              5A6      5A6        A         0
                text37                              559      559       10         0
                text35                              569      569        F         0
                text34                              3F4      3F4       27         0
                text33                              4A4      4A4       1F         0
                text32                              5EE      5EE        5         0
                text31                              59C      59C        A         0
                text30                              5E9      5E9        5         0
                text29                              20F      20F       39         0
                text28                              485      485       1F         0
                text27                              31A      31A       32         0
                text26                              34C      34C       2E         0
                text25                              524      524       14         0
                text24                              3CD      3CD       27         0
                text23                              465      465       20         0
                text22                              186      186       4A         0
                text21                              37A      37A       2B         0
                text20                              5CA      5CA        8         0
                text19                              5F7      5F7        4         0
                text18                              5D2      5D2        7         0
                text17                              4FB      4FB       15         0
                text16                              5E4      5E4        5         0
                text15                              510      510       14         0
                text14                              5DF      5DF        5         0
                text13                              549      549       10         0
                text12                              5F3      5F3        4         0
                text11                              5C2      5C2        8         0
                text10                              60B      60B        2         0
                text9                                FE       FE       88         0
                text8                               1D0      1D0       3F         0
                text7                               538      538       11         0
                text6                                2B       2B       D3         0
                text5                               608      608        3         0
                text4                               248      248       38         0
                text3                               280      280       34         0
                text2                               3A5      3A5       28         0
                text1                               2B4      2B4       33         0
                maintext                            592      592        A         0
                clrtext                             5D9      5D9        6         0

        CLASS   STRCODE        
                stringtext3                         605      605        3         0
                stringtext2                         602      602        3         0
                stringtext1                         5FF      5FF        3         0

        CLASS   STRING         

        CLASS   CONST          

        CLASS   ENTRY          

        CLASS   COMMON         
                cstackCOMMON                         70       70        8         1
                bssCOMMON                            78       78        5         1

        CLASS   BANK0          
                cstackBANK0                          20       20       2D         1
                bssBANK0                             4D       4D       1B         1
                nvBANK0                              68       68        5         1

        CLASS   BANK1          
                bssBANK1                             A0       A0       20         1

        CLASS   BIGRAM         

        CLASS   RAM            

        CLASS   ABS1           
                abs_s1                               7E       7E        2         1

        CLASS   SFR0           

        CLASS   SFR1           

        CLASS   SFR2           

        CLASS   SFR3           

        CLASS   SFR4           

        CLASS   SFR5           

        CLASS   SFR6           

        CLASS   SFR7           

        CLASS   SFR8           

        CLASS   SFR9           

        CLASS   SFR10          

        CLASS   SFR11          

        CLASS   SFR12          

        CLASS   SFR13          

        CLASS   SFR14          

        CLASS   SFR15          

        CLASS   SFR16          

        CLASS   SFR17          

        CLASS   SFR18          

        CLASS   SFR19          

        CLASS   SFR20          

        CLASS   SFR21          

        CLASS   SFR22          

        CLASS   SFR23          

        CLASS   SFR24          

        CLASS   SFR25          

        CLASS   SFR26          

        CLASS   SFR27          

        CLASS   SFR28          

        CLASS   SFR29          

        CLASS   SFR30          

        CLASS   SFR31          

        CLASS   CONFIG         
                config                             8007     8007        2         4

        CLASS   IDLOC          
                idloc                              8000     8000        4         5

        CLASS   EEDATA         

        CLASS   BANK31         

        CLASS   BANK30         

        CLASS   BANK29         

        CLASS   BANK28         

        CLASS   BANK27         

        CLASS   BANK26         

        CLASS   BANK25         

        CLASS   BANK24         

        CLASS   BANK23         

        CLASS   BANK22         

        CLASS   BANK21         

        CLASS   BANK20         

        CLASS   BANK19         

        CLASS   BANK18         

        CLASS   BANK17         

        CLASS   BANK16         

        CLASS   BANK15         

        CLASS   BANK14         

        CLASS   BANK13         

        CLASS   BANK12         

        CLASS   BANK11         

        CLASS   BANK10         

        CLASS   BANK9          

        CLASS   BANK8          

        CLASS   BANK7          

        CLASS   BANK6          

        CLASS   BANK5          

        CLASS   BANK4          

        CLASS   BANK3          

        CLASS   BANK2          

        CLASS   HEAP           

        CLASS   STACK          



SEGMENTS        Name                           Load    Length   Top    Selector   Space  Class     Delta

                reset_vec                      000000  000001  000001         0       0  CODE        2
                intentry                       000004  0005FB  0005FF         8       0  CODE        2
                cstackBANK0                    000020  00004D  00006D        20       1  BANK0       1
                cstackCOMMON                   000070  00000D  00007D        70       1  COMMON      1
                bssBANK1                       0000A0  000020  0000C0        A0       1  BANK1       1
                stringtext1                    0005FF  000009  000608       BFE       0  STRCODE     2
                text5                          000608  000007  00060F       C10       0  CODE        2


UNUSED ADDRESS RANGES

        Name                Unused          Largest block    Delta
        BANK0            0006D-0006F               3           1
        BIGRAM           02000-0206F              70           1
        CODE             00001-00003               3           2
                         0060F-007FF             1F1
        COMMON           0007D-0007D               1           1
        CONST            00001-00003               3           2
                         0060F-007FF              F1
        EEDATA           0F000-0F0FF             100           2
        ENTRY            00001-00003               3           2
                         0060F-007FF              F1
        RAM              0006D-0006F               3           1
        SFR0             00000-0001F              20           1
        SFR1             00080-0009F              20           1
        SFR10            00500-0056F              70           1
        SFR11            00580-005EF              70           1
        SFR12            00600-0066F              70           1
        SFR13            00680-006EF              70           1
        SFR14            00700-0076F              70           1
        SFR15            00780-007EF              70           1
        SFR16            00800-0086F              70           1
        SFR17            00880-008EF              70           1
        SFR18            00900-0096F              70           1
        SFR19            00980-009EF              70           1
        SFR2             00100-0016F              70           1
        SFR20            00A00-00A6F              70           1
        SFR21            00A80-00AEF              70           1
        SFR22            00B00-00B6F              70           1
        SFR23            00B80-00BEF              70           1
        SFR24            00C00-00C6F              70           1
        SFR25            00C80-00CEF              70           1
        SFR26            00D00-00D6F              70           1
        SFR27            00D80-00DEF              70           1
        SFR28            00E00-00E6F              70           1
        SFR29            00E80-00EEF              70           1
        SFR3             00180-001EF              70           1
        SFR30            00F00-00F6F              70           1
        SFR31            00F80-00FEF              70           1
        SFR4             00200-0026F              70           1
        SFR5             00280-002EF              70           1
        SFR6             00300-0036F              70           1
        SFR7             00380-003EF              70           1
        SFR8             00400-0046F              70           1
        SFR9             00480-004EF              70           1
        STRCODE          00001-00003               3           2
                         0060F-007FF             1F1
        STRING           00001-00003               3           2
                         0060F-007FF              F1

                                  Symbol Table

?_ADC_GetConversion                       cstackBANK0  00020
?_EEPROM_ReadShortLong                    cstackBANK0  00023
?i1_ADC_GetConversion                     cstackCOMMON 00070
ADC_GetConversion@channel                 cstackBANK0  00023
EEPROM_ReadByte@addr                      cstackBANK0  00022
EEPROM_ReadShortLong@addr                 cstackBANK0  0002F
EEPROM_ReadShortLong@dt                   cstackBANK0  0002C
EEPROM_WriteByte@addr                     cstackBANK0  00023
EEPROM_WriteByte@dt                       cstackBANK0  00020
EEPROM_WriteByte@status                   cstackBANK0  00024
EEPROM_WriteShortLong@addr                cstackBANK0  0002A
EEPROM_WriteShortLong@dt                  cstackBANK0  00029
EEPROM_WriteShortLong@ucData              cstackBANK0  00025
TMR0_SetInterruptHandler@InterruptHandler cstackBANK0  00020
TMR2_ISR@CountCallBack                    bssCOMMON    00078
TMR2_SetInterruptHandler@InterruptHandler cstackBANK0  00020
_ADCON0                                   (abs)        0009D
_ADCON0bits                               (abs)        0009D
_ADCON1                                   (abs)        0009E
_ADC_GetConversion                        text28       00485
_ADC_Initialize                           text20       005CA
_ADRESH                                   (abs)        0009C
_ADRESL                                   (abs)        0009B
_ANSELA                                   (abs)        0018C
_ANSELAbits                               (abs)        0018C
_ANSELC                                   (abs)        0018E
_ANSELCbits                               (abs)        0018E
_APFCON                                   (abs)        0011D
_BORCON                                   (abs)        00116
_EEADR                                    (abs)        00191
_EECON2                                   (abs)        00196
_EEDATA                                   (abs)        00193
_EEPROM_ReadByte                          text25       00524
_EEPROM_ReadShortLong                     text8        001D0
_EEPROM_WriteByte                         text24       003CD
_EEPROM_WriteShortLong                    text23       00465
_FLAGS                                    bssCOMMON    0007C
_FVRCON                                   (abs)        00117
_FVR_Initialize                           text19       005F7
_GIE                                      (abs)        0005F
_INTCONbits                               (abs)        0000B
_INTERRUPT_InterruptManager               intentry     00004
_LATA                                     (abs)        0010C
_LATAbits                                 (abs)        0010C
_LATC                                     (abs)        0010E
_LATCbits                                 (abs)        0010E
_OPTION_REG                               (abs)        00095
_OPTION_REGbits                           (abs)        00095
_OSCCON                                   (abs)        00099
_OSCILLATOR_Initialize                    text18       005D2
_OSCTUNE                                  (abs)        00098
_PIE1bits                                 (abs)        00091
_PIN_MANAGER_Initialize                   text17       004FB
_PIR1bits                                 (abs)        00011
_PR2                                      (abs)        0001B
_RD                                       (abs)        00CA8
_START_EEPROM_ADR                         bssBANK0     00067
_SYSTEM_Initialize                        text11       005C2
_T2CON                                    (abs)        0001C
_T2CONbits                                (abs)        0001C
_TMR0                                     (abs)        00015
_TMR0_DefaultInterruptHandler             text49       0060E
_TMR0_ISR                                 text48       00578
_TMR0_Initialize                          text15       00510
_TMR0_InterruptHandler                    nvBANK0      00068
_TMR0_SetInterruptHandler                 text16       005E4
_TMR2                                     (abs)        0001A
_TMR2_CallBack                            text38       005A6
_TMR2_DefaultInterruptHandler             text39       0060D
_TMR2_ISR                                 text37       00559
_TMR2_Initialize                          text13       00549
_TMR2_InterruptHandler                    nvBANK0      0006A
_TMR2_SetInterruptHandler                 text14       005DF
_TMR2_StartTimer                          text10       0060B
_TRISA                                    (abs)        0008C
_TRISAbits                                (abs)        0008C
_TRISC                                    (abs)        0008E
_TRISCbits                                (abs)        0008E
_WDTCON                                   (abs)        00097
_WDT_Initialize                           text12       005F3
_WPUA                                     (abs)        0020C
_WPUAbits                                 (abs)        0020C
_WPUC                                     (abs)        0020E
_WPUCbits                                 (abs)        0020E
_WR                                       (abs)        00CA9
_WREN                                     (abs)        00CAA
__Habs1                                   abs1         00000
__Hbank0                                  bank0        00000
__Hbank1                                  bank1        00000
__Hbank10                                 bank10       00000
__Hbank11                                 bank11       00000
__Hbank12                                 bank12       00000
__Hbank13                                 bank13       00000
__Hbank14                                 bank14       00000
__Hbank15                                 bank15       00000
__Hbank16                                 bank16       00000
__Hbank17                                 bank17       00000
__Hbank18                                 bank18       00000
__Hbank19                                 bank19       00000
__Hbank2                                  bank2        00000
__Hbank20                                 bank20       00000
__Hbank21                                 bank21       00000
__Hbank22                                 bank22       00000
__Hbank23                                 bank23       00000
__Hbank24                                 bank24       00000
__Hbank25                                 bank25       00000
__Hbank26                                 bank26       00000
__Hbank27                                 bank27       00000
__Hbank28                                 bank28       00000
__Hbank29                                 bank29       00000
__Hbank3                                  bank3        00000
__Hbank30                                 bank30       00000
__Hbank31                                 bank31       00000
__Hbank4                                  bank4        00000
__Hbank5                                  bank5        00000
__Hbank6                                  bank6        00000
__Hbank7                                  bank7        00000
__Hbank8                                  bank8        00000
__Hbank9                                  bank9        00000
__Hbigram                                 bigram       00000
__HbssBANK0                               bssBANK0     00000
__HbssBANK1                               bssBANK1     00000
__HbssCOMMON                              bssCOMMON    00000
__Hcinit                                  cinit        0002B
__Hclrtext                                clrtext      00000
__Hcode                                   code         00000
__Hcommon                                 common       00000
__Hconfig                                 config       08009
__HcstackBANK0                            cstackBANK0  00000
__HcstackCOMMON                           cstackCOMMON 00000
__Heeprom_data                            eeprom_data  00000
__Hend_init                               end_init     00017
__Hfunctab                                functab      00000
__Hheap                                   heap         00000
__Hidloc                                  idloc        08004
__Hinit                                   init         00016
__Hintentry                               intentry     00016
__Hmaintext                               maintext     00000
__HnvBANK0                                nvBANK0      00000
__Hpowerup                                powerup      00000
__Hram                                    ram          00000
__Hreset_vec                              reset_vec    00001
__Hsfr0                                   sfr0         00000
__Hsfr1                                   sfr1         00000
__Hsfr10                                  sfr10        00000
__Hsfr11                                  sfr11        00000
__Hsfr12                                  sfr12        00000
__Hsfr13                                  sfr13        00000
__Hsfr14                                  sfr14        00000
__Hsfr15                                  sfr15        00000
__Hsfr16                                  sfr16        00000
__Hsfr17                                  sfr17        00000
__Hsfr18                                  sfr18        00000
__Hsfr19                                  sfr19        00000
__Hsfr2                                   sfr2         00000
__Hsfr20                                  sfr20        00000
__Hsfr21                                  sfr21        00000
__Hsfr22                                  sfr22        00000
__Hsfr23                                  sfr23        00000
__Hsfr24                                  sfr24        00000
__Hsfr25                                  sfr25        00000
__Hsfr26                                  sfr26        00000
__Hsfr27                                  sfr27        00000
__Hsfr28                                  sfr28        00000
__Hsfr29                                  sfr29        00000
__Hsfr3                                   sfr3         00000
__Hsfr30                                  sfr30        00000
__Hsfr31                                  sfr31        00000
__Hsfr4                                   sfr4         00000
__Hsfr5                                   sfr5         00000
__Hsfr6                                   sfr6         00000
__Hsfr7                                   sfr7         00000
__Hsfr8                                   sfr8         00000
__Hsfr9                                   sfr9         00000
__Hspace_0                                (abs)        0060F
__Hspace_1                                (abs)        000C0
__Hspace_2                                (abs)        00000
__Hspace_3                                (abs)        00000
__Hspace_4                                (abs)        10010
__Hstack                                  stack        00000
__Hstrings                                strings      00000
__Hstringtext1                            stringtext1  00000
__Hstringtext2                            stringtext2  00000
__Hstringtext3                            stringtext3  00000
__Htext                                   text         00000
__Labs1                                   abs1         00000
__Lbank0                                  bank0        00000
__Lbank1                                  bank1        00000
__Lbank10                                 bank10       00000
__Lbank11                                 bank11       00000
__Lbank12                                 bank12       00000
__Lbank13                                 bank13       00000
__Lbank14                                 bank14       00000
__Lbank15                                 bank15       00000
__Lbank16                                 bank16       00000
__Lbank17                                 bank17       00000
__Lbank18                                 bank18       00000
__Lbank19                                 bank19       00000
__Lbank2                                  bank2        00000
__Lbank20                                 bank20       00000
__Lbank21                                 bank21       00000
__Lbank22                                 bank22       00000
__Lbank23                                 bank23       00000
__Lbank24                                 bank24       00000
__Lbank25                                 bank25       00000
__Lbank26                                 bank26       00000
__Lbank27                                 bank27       00000
__Lbank28                                 bank28       00000
__Lbank29                                 bank29       00000
__Lbank3                                  bank3        00000
__Lbank30                                 bank30       00000
__Lbank31                                 bank31       00000
__Lbank4                                  bank4        00000
__Lbank5                                  bank5        00000
__Lbank6                                  bank6        00000
__Lbank7                                  bank7        00000
__Lbank8                                  bank8        00000
__Lbank9                                  bank9        00000
__Lbigram                                 bigram       00000
__LbssBANK0                               bssBANK0     00000
__LbssBANK1                               bssBANK1     00000
__LbssCOMMON                              bssCOMMON    00000
__Lcinit                                  cinit        00017
__Lclrtext                                clrtext      00000
__Lcode                                   code         00000
__Lcommon                                 common       00000
__Lconfig                                 config       00000
__LcstackBANK0                            cstackBANK0  00000
__LcstackCOMMON                           cstackCOMMON 00000
__Leeprom_data                            eeprom_data  00000
__Lend_init                               end_init     00016
__Lfunctab                                functab      00000
__Lheap                                   heap         00000
__Lidloc                                  idloc        00000
__Linit                                   init         00016
__Lintentry                               intentry     00004
__Lmaintext                               maintext     00000
__LnvBANK0                                nvBANK0      00000
__Lpowerup                                powerup      00000
__Lram                                    ram          00000
__Lreset_vec                              reset_vec    00000
__Lsfr0                                   sfr0         00000
__Lsfr1                                   sfr1         00000
__Lsfr10                                  sfr10        00000
__Lsfr11                                  sfr11        00000
__Lsfr12                                  sfr12        00000
__Lsfr13                                  sfr13        00000
__Lsfr14                                  sfr14        00000
__Lsfr15                                  sfr15        00000
__Lsfr16                                  sfr16        00000
__Lsfr17                                  sfr17        00000
__Lsfr18                                  sfr18        00000
__Lsfr19                                  sfr19        00000
__Lsfr2                                   sfr2         00000
__Lsfr20                                  sfr20        00000
__Lsfr21                                  sfr21        00000
__Lsfr22                                  sfr22        00000
__Lsfr23                                  sfr23        00000
__Lsfr24                                  sfr24        00000
__Lsfr25                                  sfr25        00000
__Lsfr26                                  sfr26        00000
__Lsfr27                                  sfr27        00000
__Lsfr28                                  sfr28        00000
__Lsfr29                                  sfr29        00000
__Lsfr3                                   sfr3         00000
__Lsfr30                                  sfr30        00000
__Lsfr31                                  sfr31        00000
__Lsfr4                                   sfr4         00000
__Lsfr5                                   sfr5         00000
__Lsfr6                                   sfr6         00000
__Lsfr7                                   sfr7         00000
__Lsfr8                                   sfr8         00000
__Lsfr9                                   sfr9         00000
__Lspace_0                                (abs)        00000
__Lspace_1                                (abs)        00000
__Lspace_2                                (abs)        00000
__Lspace_3                                (abs)        00000
__Lspace_4                                (abs)        00000
__Lstack                                  stack        00000
__Lstrings                                strings      00000
__Lstringtext1                            stringtext1  00000
__Lstringtext2                            stringtext2  00000
__Lstringtext3                            stringtext3  00000
__Ltext                                   text         00000
__S0                                      (abs)        0060F
__S1                                      (abs)        000C0
__S3                                      (abs)        00000
___bmul                                   text7        00538
___bmul@multiplicand                      cstackBANK0  00020
___bmul@multiplier                        cstackBANK0  00023
___bmul@product                           cstackBANK0  00022
___heap_hi                                (abs)        00000
___heap_lo                                (abs)        00000
___int_sp                                 stack        00000
___latbits                                (abs)        00000
___sp                                     stack        00000
___stackhi                                (abs)        00000
___stacklo                                (abs)        00000
__end_of_ADC_GetConversion                text28       004A4
__end_of_ADC_Initialize                   text20       005D2
__end_of_BAD_WSP_VOLTAGE                  stringtext3  00608
__end_of_EEPROM_ReadByte                  text25       00538
__end_of_EEPROM_ReadShortLong             text8        0020F
__end_of_EEPROM_WriteByte                 text24       003F4
__end_of_EEPROM_WriteShortLong            text23       00485
__end_of_FVR_Initialize                   text19       005FB
__end_of_GOOD_WSP_VOLTAGE                 stringtext2  00605
__end_of_INTERRUPT_InterruptManager       intentry     00016
__end_of_OSCILLATOR_Initialize            text18       005D9
__end_of_PIN_MANAGER_Initialize           text17       00510
__end_of_ROTATION_TIME                    stringtext1  00602
__end_of_SYSTEM_Initialize                text11       005CA
__end_of_TMR0_DefaultInterruptHandler     text49       0060F
__end_of_TMR0_ISR                         text48       00586
__end_of_TMR0_Initialize                  text15       00524
__end_of_TMR0_SetInterruptHandler         text16       005E9
__end_of_TMR2_CallBack                    text38       005B0
__end_of_TMR2_DefaultInterruptHandler     text39       0060E
__end_of_TMR2_ISR                         text37       00569
__end_of_TMR2_Initialize                  text13       00559
__end_of_TMR2_SetInterruptHandler         text14       005E4
__end_of_TMR2_StartTimer                  text10       0060D
__end_of_WDT_Initialize                   text12       005F7
__end_of___bmul                           text7        00549
__end_of__initialization                  cinit        00028
__end_of_beep                             text34       0041B
__end_of_fun_work                         text29       00248
__end_of_get_adr                          text9        00186
__end_of_get_eeprom                       text5        0060B
__end_of_get_fun                          text27       0034C
__end_of_get_fun_full                     text4        00280
__end_of_get_jump                         text26       0037A
__end_of_get_jump_full                    text3        002B4
__end_of_get_measure                      text43       00442
__end_of_get_time                         text6        000FE
__end_of_get_voltage                      text22       001D0
__end_of_go_close                         text33       004C3
__end_of_go_close_alt                     text32       005F3
__end_of_go_open                          text31       005A6
__end_of_go_open_alt                      text30       005EE
__end_of_main                             maintext     0059C
__end_of_povorot                          text21       003A5
__end_of_rele_tick                        text42       00465
__end_of_sec_tick_work                    text40       0031A
__end_of_start_alarm                      text45       005C2
__end_of_start_setup                      text2        003CD
__end_of_switch_wm                        text1        002E7
__end_of_switch_zum                       text35       00578
__end_of_toggle_tone                      text41       005B9
__end_ofi1_ADC_GetConversion              text44       004FB
__end_ofi1_go_close                       text47       004E2
__end_ofi1_go_close_alt                   text46       005FF
__end_ofi1_switch_zum                     text50       00592
__initialization                          cinit        00017
__pbssBANK0                               bssBANK0     0004D
__pbssBANK1                               bssBANK1     000A0
__pbssCOMMON                              bssCOMMON    00078
__pcstackBANK0                            cstackBANK0  00020
__pcstackCOMMON                           cstackCOMMON 00070
__pintentry                               intentry     00004
__pmaintext                               maintext     00592
__pnvBANK0                                nvBANK0      00068
__pstringtext1                            stringtext1  005FF
__pstringtext2                            stringtext2  00602
__pstringtext3                            stringtext3  00605
__ptext1                                  text1        002B4
__ptext10                                 text10       0060B
__ptext11                                 text11       005C2
__ptext12                                 text12       005F3
__ptext13                                 text13       00549
__ptext14                                 text14       005DF
__ptext15                                 text15       00510
__ptext16                                 text16       005E4
__ptext17                                 text17       004FB
__ptext18                                 text18       005D2
__ptext19                                 text19       005F7
__ptext2                                  text2        003A5
__ptext20                                 text20       005CA
__ptext21                                 text21       0037A
__ptext22                                 text22       00186
__ptext23                                 text23       00465
__ptext24                                 text24       003CD
__ptext25                                 text25       00524
__ptext26                                 text26       0034C
__ptext27                                 text27       0031A
__ptext28                                 text28       00485
__ptext29                                 text29       0020F
__ptext3                                  text3        00280
__ptext30                                 text30       005E9
__ptext31                                 text31       0059C
__ptext32                                 text32       005EE
__ptext33                                 text33       004A4
__ptext34                                 text34       003F4
__ptext35                                 text35       00569
__ptext37                                 text37       00559
__ptext38                                 text38       005A6
__ptext39                                 text39       0060D
__ptext4                                  text4        00248
__ptext40                                 text40       002E7
__ptext41                                 text41       005B0
__ptext42                                 text42       00442
__ptext43                                 text43       0041B
__ptext44                                 text44       004E2
__ptext45                                 text45       005B9
__ptext46                                 text46       005FB
__ptext47                                 text47       004C3
__ptext48                                 text48       00578
__ptext49                                 text49       0060E
__ptext5                                  text5        00608
__ptext50                                 text50       00586
__ptext6                                  text6        0002B
__ptext7                                  text7        00538
__ptext8                                  text8        001D0
__ptext9                                  text9        000FE
_beep                                     text34       003F4
_fun_work                                 text29       0020F
_get_adr                                  text9        000FE
_get_eeprom                               text5        00608
_get_fun                                  text27       0031A
_get_fun_full                             text4        00248
_get_jump                                 text26       0034C
_get_jump_full                            text3        00280
_get_measure                              text43       0041B
_get_time                                 text6        0002B
_get_voltage                              text22       00186
_go_close                                 text33       004A4
_go_close_alt                             text32       005EE
_go_open                                  text31       0059C
_go_open_alt                              text30       005E9
_main                                     maintext     00592
_povorot                                  text21       0037A
_rele_tick                                text42       00442
_sec_tick_work                            text40       002E7
_start_alarm                              text45       005B9
_start_setup                              text2        003A5
_switch_wm                                text1        002B4
_switch_zum                               text35       00569
_switch_zum$intlevel0                     text35       0056C
_time_pow_s                               bssBANK0     00066
_time_s                                   bssBANK0     0005D
_timer0ReloadVal                          nvBANK0      0006C
_toggle_tone                              text41       005B0
beep@count                                cstackBANK0  00025
beep@delay                                cstackBANK0  00020
beep@i                                    cstackBANK0  00029
beep@j                                    cstackBANK0  00028
beep@pause                                cstackBANK0  00022
beep@time                                 cstackBANK0  00024
btemp                                     (abs)        0007E
clear_ram0                                clrtext      005D9
end_of_initialization                     cinit        00028
get_adr@adr                               cstackBANK0  00024
get_adr@buf                               cstackBANK0  00048
get_adr@i                                 cstackBANK0  00044
get_adr@i_814                             cstackBANK0  00046
get_adr@q                                 cstackBANK0  00045
get_adr@q_813                             cstackBANK0  00047
get_fun@fun_counter                       bssBANK0     00065
get_fun@res                               cstackBANK0  00025
get_fun_full@flag                         cstackBANK0  00027
get_fun_full@fun_counter                  bssBANK0     00064
get_fun_full@res                          cstackBANK0  00025
get_jump@jump_counter                     bssBANK0     00063
get_jump@res                              cstackBANK0  00025
get_jump_full@flag                        cstackBANK0  00027
get_jump_full@jump_counter                bssBANK0     00062
get_jump_full@res                         cstackBANK0  00025
get_measure@measures                      bssCOMMON    0007B
get_measure@res                           cstackCOMMON 00075
get_time@adr_error                        cstackBANK0  00044
get_time@buf                              cstackBANK0  00049
get_time@buf2                             cstackBANK0  00045
get_time@i                                cstackBANK0  00048
get_time@q                                cstackBANK0  0004A
get_time@q_825                            cstackBANK0  0004C
get_time@q_826                            cstackBANK0  0004B
get_time@time_count                       cstackBANK0  00040
get_time@times                            cstackBANK0  00034
get_voltage@buf                           cstackBANK0  0002F
get_voltage@q                             cstackBANK0  00031
get_voltage@q_804                         cstackBANK0  00030
get_voltage@res                           cstackBANK0  0002D
i1ADC_GetConversion@channel               cstackCOMMON 00073
i1_ADC_GetConversion                      text44       004E2
i1_go_close                               text47       004C3
i1_go_close_alt                           text46       005FB
i1_switch_zum                             text50       00586
int$flags                                 (abs)        0007E
intlevel0                                 functab      00000
intlevel1                                 functab      00000
intlevel2                                 functab      00000
intlevel3                                 functab      00000
intlevel4                                 functab      00000
intlevel5                                 functab      00000
reset_vec                                 reset_vec    00000
sec_tick_work@iled                        bssCOMMON    0007A
start                                     init         00016
start_initialization                      cinit        00017
wtemp0                                    (abs)        0007E


MODULE INFORMATION

Module		Function		Class		Link	Load	Size
mcc_generated_files/fvr.c
		_FVR_Initialize		CODE           	05F7	0000	4

mcc_generated_files/fvr.c estimated size: 4

mcc_generated_files/tmr2.c
		_TMR2_ISR      		CODE           	0559	0000	16
		_TMR2_Initialize		CODE           	0549	0000	16
		_TMR2_SetInterruptHandler		CODE           	05DF	0000	5
		_TMR2_DefaultInterruptHandler		CODE           	060D	0000	1
		_TMR2_CallBack 		CODE           	05A6	0000	10
		_TMR2_StartTimer		CODE           	060B	0000	2

mcc_generated_files/tmr2.c estimated size: 50

mcc_generated_files/interrupt_manager.c
		_INTERRUPT_InterruptManager		CODE           	0004	0000	18

mcc_generated_files/interrupt_manager.c estimated size: 18

mcc_generated_files/tmr0.c
		_TMR0_SetInterruptHandler		CODE           	05E4	0000	5
		_TMR0_DefaultInterruptHandler		CODE           	060E	0000	1
		_TMR0_ISR      		CODE           	0578	0000	14
		_TMR0_Initialize		CODE           	0510	0000	20

mcc_generated_files/tmr0.c estimated size: 40

mcc_generated_files/pin_manager.c
		_PIN_MANAGER_Initialize		CODE           	04FB	0000	21

mcc_generated_files/pin_manager.c estimated size: 21

mcc_generated_files/adc.c
		_ADC_Initialize		CODE           	05CA	0000	8
		_ADC_GetConversion		CODE           	0485	0000	31

mcc_generated_files/adc.c estimated size: 39

eeprom.c
		_EEPROM_ReadShortLong		CODE           	01D0	0000	63
		_EEPROM_WriteShortLong		CODE           	0465	0000	32
		_EEPROM_WriteByte		CODE           	03CD	0000	39
		_EEPROM_ReadByte		CODE           	0524	0000	20

eeprom.c estimated size: 154

shared
		i1_switch_zum  		CODE           	0586	0000	12
		_BAD_WSP_VOLTAGE		STRCODE        	0000	0000	0
		i1_go_close    		CODE           	04C3	0000	31
		__initialization		CODE           	0017	0000	17
		i1_go_close_alt		CODE           	05FB	0000	4
		i1_ADC_GetConversion		CODE           	04E2	0000	25
		_ROTATION_TIME 		STRCODE        	0000	0000	0
		_GOOD_WSP_VOLTAGE		STRCODE        	0000	0000	0

shared estimated size: 89

mcc_generated_files/mcc.c
		_WDT_Initialize		CODE           	05F3	0000	4
		_OSCILLATOR_Initialize		CODE           	05D2	0000	7
		_SYSTEM_Initialize		CODE           	05C2	0000	8

mcc_generated_files/mcc.c estimated size: 19

C:\Program Files\Microchip\xc8\v2.36\pic\sources\c99\common\Umul8.c
		___bmul        		CODE           	0538	0000	17

C:\Program Files\Microchip\xc8\v2.36\pic\sources\c99\common\Umul8.c estimated size: 17

main.c
		_get_adr       		CODE           	00FE	0000	136
		_go_close      		CODE           	04A4	0000	31
		_get_fun_full  		CODE           	0248	0000	56
		_go_close_alt  		CODE           	05EE	0000	5
		_get_jump_full 		CODE           	0280	0000	52
		_start_alarm   		CODE           	05B9	0000	9
		_sec_tick_work 		CODE           	02E7	0000	51
		_beep          		CODE           	03F4	0000	39
		_rele_tick     		CODE           	0442	0000	35
		_main          		CODE           	0592	0000	10
		_get_voltage   		CODE           	0186	0000	74
		_switch_wm     		CODE           	02B4	0000	51
		_switch_zum    		CODE           	0569	0000	15
		_start_setup   		CODE           	03A5	0000	40
		_get_time      		CODE           	002B	0000	211
		_fun_work      		CODE           	020F	0000	57
		_get_eeprom    		CODE           	0608	0000	3
		_toggle_tone   		CODE           	05B0	0000	9
		_get_measure   		CODE           	041B	0000	39
		_povorot       		CODE           	037A	0000	43
		_go_open       		CODE           	059C	0000	10
		_go_open_alt   		CODE           	05E9	0000	5
		_get_fun       		CODE           	031A	0000	50
		_get_jump      		CODE           	034C	0000	46

main.c estimated size: 1077

